Archive member included because of file (symbol)

/Users/justin/Source/gba/Work/robotmario/../lib/libtonc.a(tonc_core.o)
                              robotmario.o (__key_curr)
/Users/justin/Source/gba/Work/robotmario/../lib/libtonc.a(tonc_irq.o)
                              robotmario.o (irq_add)
/Users/justin/Source/gba/Work/robotmario/../lib/libtonc.a(tonc_oam.o)
                              robotmario.o (oam_init)
/Users/justin/Source/gba/Work/robotmario/../lib/libtonc.a(tonc_text.o)
                              robotmario.o (txt_init_std)
/Users/justin/Source/gba/Work/robotmario/../lib/libtonc.a(tonc_text_map.o)
                              robotmario.o (se_puts)
/Users/justin/Source/gba/Work/robotmario/../lib/libtonc.a(tonc_isr_nest.o)
                              /Users/justin/Source/gba/Work/robotmario/../lib/libtonc.a(tonc_irq.o) (isr_master_nest)
/Users/justin/Source/gba/Work/robotmario/../lib/libtonc.a(tonc_memcpy.o)
                              robotmario.o (memcpy32)
/Users/justin/Source/gba/Work/robotmario/../lib/libtonc.a(tonc_memset.o)
                              /Users/justin/Source/gba/Work/robotmario/../lib/libtonc.a(tonc_irq.o) (memset32)
/Users/justin/Source/gba/Work/robotmario/../lib/libtonc.a(toncfont.o)
                              /Users/justin/Source/gba/Work/robotmario/../lib/libtonc.a(tonc_text.o) (toncfontTiles)
/opt/local/devkitPro/devkitARM/bin/../lib/gcc/arm-eabi/4.1.2/thumb/libgcc.a(_divsi3.o)
                              robotmario.o (__aeabi_idivmod)
/opt/local/devkitPro/devkitARM/bin/../lib/gcc/arm-eabi/4.1.2/thumb/libgcc.a(_dvmd_tls.o)
                              /opt/local/devkitPro/devkitARM/bin/../lib/gcc/arm-eabi/4.1.2/thumb/libgcc.a(_divsi3.o) (__div0)
/opt/local/devkitPro/devkitARM/bin/../lib/gcc/arm-eabi/4.1.2/thumb/libgcc.a(_call_via_rX.o)
                              /opt/local/devkitPro/devkitARM/bin/../lib/gcc/arm-eabi/4.1.2/../../../../arm-eabi/lib/thumb/gba_crt0.o (_call_via_r3)
/opt/local/devkitPro/devkitARM/bin/../lib/gcc/arm-eabi/4.1.2/../../../../arm-eabi/lib/thumb/libg.a(lib_a-init.o)
                              /opt/local/devkitPro/devkitARM/bin/../lib/gcc/arm-eabi/4.1.2/../../../../arm-eabi/lib/thumb/gba_crt0.o (__libc_init_array)
/opt/local/devkitPro/devkitARM/bin/../lib/gcc/arm-eabi/4.1.2/../../../../arm-eabi/lib/thumb/libg.a(lib_a-memcpy.o)
                              robotmario.o (memcpy)
/opt/local/devkitPro/devkitARM/bin/../lib/gcc/arm-eabi/4.1.2/../../../../arm-eabi/lib/thumb/libg.a(lib_a-rand.o)
                              robotmario.o (rand)
/opt/local/devkitPro/devkitARM/bin/../lib/gcc/arm-eabi/4.1.2/../../../../arm-eabi/lib/thumb/libg.a(lib_a-siprintf.o)
                              robotmario.o (siprintf)
/opt/local/devkitPro/devkitARM/bin/../lib/gcc/arm-eabi/4.1.2/../../../../arm-eabi/lib/thumb/libg.a(lib_a-vfiprintf.o)
                              /opt/local/devkitPro/devkitARM/bin/../lib/gcc/arm-eabi/4.1.2/../../../../arm-eabi/lib/thumb/libg.a(lib_a-siprintf.o) (_vfiprintf_r)
/opt/local/devkitPro/devkitARM/bin/../lib/gcc/arm-eabi/4.1.2/../../../../arm-eabi/lib/thumb/libg.a(lib_a-wcrtomb.o)
                              /opt/local/devkitPro/devkitARM/bin/../lib/gcc/arm-eabi/4.1.2/../../../../arm-eabi/lib/thumb/libg.a(lib_a-vfiprintf.o) (_wcrtomb_r)
/opt/local/devkitPro/devkitARM/bin/../lib/gcc/arm-eabi/4.1.2/../../../../arm-eabi/lib/thumb/libg.a(lib_a-wcsrtombs.o)
                              /opt/local/devkitPro/devkitARM/bin/../lib/gcc/arm-eabi/4.1.2/../../../../arm-eabi/lib/thumb/libg.a(lib_a-vfiprintf.o) (_wcsrtombs_r)
/opt/local/devkitPro/devkitARM/bin/../lib/gcc/arm-eabi/4.1.2/../../../../arm-eabi/lib/thumb/libg.a(lib_a-wctomb_r.o)
                              /opt/local/devkitPro/devkitARM/bin/../lib/gcc/arm-eabi/4.1.2/../../../../arm-eabi/lib/thumb/libg.a(lib_a-wcrtomb.o) (_wctomb_r)
/opt/local/devkitPro/devkitARM/bin/../lib/gcc/arm-eabi/4.1.2/../../../../arm-eabi/lib/thumb/libg.a(lib_a-wsetup.o)
                              /opt/local/devkitPro/devkitARM/bin/../lib/gcc/arm-eabi/4.1.2/../../../../arm-eabi/lib/thumb/libg.a(lib_a-vfiprintf.o) (__swsetup)
/opt/local/devkitPro/devkitARM/bin/../lib/gcc/arm-eabi/4.1.2/../../../../arm-eabi/lib/thumb/libg.a(lib_a-fflush.o)
                              /opt/local/devkitPro/devkitARM/bin/../lib/gcc/arm-eabi/4.1.2/../../../../arm-eabi/lib/thumb/libg.a(lib_a-vfiprintf.o) (fflush)
/opt/local/devkitPro/devkitARM/bin/../lib/gcc/arm-eabi/4.1.2/../../../../arm-eabi/lib/thumb/libg.a(lib_a-findfp.o)
                              /opt/local/devkitPro/devkitARM/bin/../lib/gcc/arm-eabi/4.1.2/../../../../arm-eabi/lib/thumb/libg.a(lib_a-vfiprintf.o) (__sinit)
/opt/local/devkitPro/devkitARM/bin/../lib/gcc/arm-eabi/4.1.2/../../../../arm-eabi/lib/thumb/libg.a(lib_a-freer.o)
                              /opt/local/devkitPro/devkitARM/bin/../lib/gcc/arm-eabi/4.1.2/../../../../arm-eabi/lib/thumb/libg.a(lib_a-vfiprintf.o) (_free_r)
/opt/local/devkitPro/devkitARM/bin/../lib/gcc/arm-eabi/4.1.2/../../../../arm-eabi/lib/thumb/libg.a(lib_a-fvwrite.o)
                              /opt/local/devkitPro/devkitARM/bin/../lib/gcc/arm-eabi/4.1.2/../../../../arm-eabi/lib/thumb/libg.a(lib_a-vfiprintf.o) (__sfvwrite_r)
/opt/local/devkitPro/devkitARM/bin/../lib/gcc/arm-eabi/4.1.2/../../../../arm-eabi/lib/thumb/libg.a(lib_a-fwalk.o)
                              /opt/local/devkitPro/devkitARM/bin/../lib/gcc/arm-eabi/4.1.2/../../../../arm-eabi/lib/thumb/libg.a(lib_a-fflush.o) (_fwalk)
/opt/local/devkitPro/devkitARM/bin/../lib/gcc/arm-eabi/4.1.2/../../../../arm-eabi/lib/thumb/libg.a(lib_a-impure.o)
                              /opt/local/devkitPro/devkitARM/bin/../lib/gcc/arm-eabi/4.1.2/../../../../arm-eabi/lib/thumb/libg.a(lib_a-rand.o) (_impure_ptr)
/opt/local/devkitPro/devkitARM/bin/../lib/gcc/arm-eabi/4.1.2/../../../../arm-eabi/lib/thumb/libg.a(lib_a-locale.o)
                              /opt/local/devkitPro/devkitARM/bin/../lib/gcc/arm-eabi/4.1.2/../../../../arm-eabi/lib/thumb/libg.a(lib_a-wctomb_r.o) (__lc_ctype)
/opt/local/devkitPro/devkitARM/bin/../lib/gcc/arm-eabi/4.1.2/../../../../arm-eabi/lib/thumb/libg.a(lib_a-makebuf.o)
                              /opt/local/devkitPro/devkitARM/bin/../lib/gcc/arm-eabi/4.1.2/../../../../arm-eabi/lib/thumb/libg.a(lib_a-wsetup.o) (__smakebuf)
/opt/local/devkitPro/devkitARM/bin/../lib/gcc/arm-eabi/4.1.2/../../../../arm-eabi/lib/thumb/libg.a(lib_a-mallocr.o)
                              /opt/local/devkitPro/devkitARM/bin/../lib/gcc/arm-eabi/4.1.2/../../../../arm-eabi/lib/thumb/libg.a(lib_a-vfiprintf.o) (_malloc_r)
/opt/local/devkitPro/devkitARM/bin/../lib/gcc/arm-eabi/4.1.2/../../../../arm-eabi/lib/thumb/libg.a(lib_a-memchr.o)
                              /opt/local/devkitPro/devkitARM/bin/../lib/gcc/arm-eabi/4.1.2/../../../../arm-eabi/lib/thumb/libg.a(lib_a-vfiprintf.o) (memchr)
/opt/local/devkitPro/devkitARM/bin/../lib/gcc/arm-eabi/4.1.2/../../../../arm-eabi/lib/thumb/libg.a(lib_a-memmove.o)
                              /opt/local/devkitPro/devkitARM/bin/../lib/gcc/arm-eabi/4.1.2/../../../../arm-eabi/lib/thumb/libg.a(lib_a-fvwrite.o) (memmove)
/opt/local/devkitPro/devkitARM/bin/../lib/gcc/arm-eabi/4.1.2/../../../../arm-eabi/lib/thumb/libg.a(lib_a-memset.o)
                              /opt/local/devkitPro/devkitARM/bin/../lib/gcc/arm-eabi/4.1.2/../../../../arm-eabi/lib/thumb/libg.a(lib_a-vfiprintf.o) (memset)
/opt/local/devkitPro/devkitARM/bin/../lib/gcc/arm-eabi/4.1.2/../../../../arm-eabi/lib/thumb/libg.a(lib_a-mlock.o)
                              /opt/local/devkitPro/devkitARM/bin/../lib/gcc/arm-eabi/4.1.2/../../../../arm-eabi/lib/thumb/libg.a(lib_a-freer.o) (__malloc_lock)
/opt/local/devkitPro/devkitARM/bin/../lib/gcc/arm-eabi/4.1.2/../../../../arm-eabi/lib/thumb/libg.a(lib_a-reallocr.o)
                              /opt/local/devkitPro/devkitARM/bin/../lib/gcc/arm-eabi/4.1.2/../../../../arm-eabi/lib/thumb/libg.a(lib_a-fvwrite.o) (_realloc_r)
/opt/local/devkitPro/devkitARM/bin/../lib/gcc/arm-eabi/4.1.2/../../../../arm-eabi/lib/thumb/libg.a(lib_a-stdio.o)
                              /opt/local/devkitPro/devkitARM/bin/../lib/gcc/arm-eabi/4.1.2/../../../../arm-eabi/lib/thumb/libg.a(lib_a-findfp.o) (__sclose)
/opt/local/devkitPro/devkitARM/bin/../lib/gcc/arm-eabi/4.1.2/../../../../arm-eabi/lib/thumb/libg.a(lib_a-strcmp.o)
                              /opt/local/devkitPro/devkitARM/bin/../lib/gcc/arm-eabi/4.1.2/../../../../arm-eabi/lib/thumb/libg.a(lib_a-wctomb_r.o) (strcmp)
/opt/local/devkitPro/devkitARM/bin/../lib/gcc/arm-eabi/4.1.2/../../../../arm-eabi/lib/thumb/libg.a(lib_a-strlen.o)
                              /opt/local/devkitPro/devkitARM/bin/../lib/gcc/arm-eabi/4.1.2/../../../../arm-eabi/lib/thumb/libg.a(lib_a-vfiprintf.o) (strlen)
/opt/local/devkitPro/devkitARM/bin/../lib/gcc/arm-eabi/4.1.2/../../../../arm-eabi/lib/thumb/libg.a(lib_a-fclose.o)
                              /opt/local/devkitPro/devkitARM/bin/../lib/gcc/arm-eabi/4.1.2/../../../../arm-eabi/lib/thumb/libg.a(lib_a-findfp.o) (fclose)
/opt/local/devkitPro/devkitARM/bin/../lib/gcc/arm-eabi/4.1.2/thumb/libgcc.a(_udivsi3.o)
                              /opt/local/devkitPro/devkitARM/bin/../lib/gcc/arm-eabi/4.1.2/../../../../arm-eabi/lib/thumb/libg.a(lib_a-vfiprintf.o) (__aeabi_uidiv)
/opt/local/devkitPro/devkitARM/bin/../lib/gcc/arm-eabi/4.1.2/thumb/libgcc.a(_muldi3.o)
                              /opt/local/devkitPro/devkitARM/bin/../lib/gcc/arm-eabi/4.1.2/../../../../arm-eabi/lib/thumb/libg.a(lib_a-rand.o) (__aeabi_lmul)
/opt/local/devkitPro/devkitARM/bin/../lib/gcc/arm-eabi/4.1.2/../../../../arm-eabi/lib/thumb/libsysbase.a(close.o)
                              /opt/local/devkitPro/devkitARM/bin/../lib/gcc/arm-eabi/4.1.2/../../../../arm-eabi/lib/thumb/libg.a(lib_a-stdio.o) (_close_r)
/opt/local/devkitPro/devkitARM/bin/../lib/gcc/arm-eabi/4.1.2/../../../../arm-eabi/lib/thumb/libsysbase.a(fstat.o)
                              /opt/local/devkitPro/devkitARM/bin/../lib/gcc/arm-eabi/4.1.2/../../../../arm-eabi/lib/thumb/libg.a(lib_a-makebuf.o) (_fstat_r)
/opt/local/devkitPro/devkitARM/bin/../lib/gcc/arm-eabi/4.1.2/../../../../arm-eabi/lib/thumb/libsysbase.a(isatty.o)
                              /opt/local/devkitPro/devkitARM/bin/../lib/gcc/arm-eabi/4.1.2/../../../../arm-eabi/lib/thumb/libg.a(lib_a-makebuf.o) (isatty)
/opt/local/devkitPro/devkitARM/bin/../lib/gcc/arm-eabi/4.1.2/../../../../arm-eabi/lib/thumb/libsysbase.a(lseek.o)
                              /opt/local/devkitPro/devkitARM/bin/../lib/gcc/arm-eabi/4.1.2/../../../../arm-eabi/lib/thumb/libg.a(lib_a-stdio.o) (_lseek_r)
/opt/local/devkitPro/devkitARM/bin/../lib/gcc/arm-eabi/4.1.2/../../../../arm-eabi/lib/thumb/libsysbase.a(read.o)
                              /opt/local/devkitPro/devkitARM/bin/../lib/gcc/arm-eabi/4.1.2/../../../../arm-eabi/lib/thumb/libg.a(lib_a-stdio.o) (_read_r)
/opt/local/devkitPro/devkitARM/bin/../lib/gcc/arm-eabi/4.1.2/../../../../arm-eabi/lib/thumb/libsysbase.a(sbrk.o)
                              /opt/local/devkitPro/devkitARM/bin/../lib/gcc/arm-eabi/4.1.2/../../../../arm-eabi/lib/thumb/libg.a(lib_a-freer.o) (_sbrk_r)
/opt/local/devkitPro/devkitARM/bin/../lib/gcc/arm-eabi/4.1.2/../../../../arm-eabi/lib/thumb/libsysbase.a(write.o)
                              /opt/local/devkitPro/devkitARM/bin/../lib/gcc/arm-eabi/4.1.2/../../../../arm-eabi/lib/thumb/libg.a(lib_a-stdio.o) (_write_r)
/opt/local/devkitPro/devkitARM/bin/../lib/gcc/arm-eabi/4.1.2/../../../../arm-eabi/lib/thumb/libsysbase.a(malloc_vars.o)
                              /opt/local/devkitPro/devkitARM/bin/../lib/gcc/arm-eabi/4.1.2/../../../../arm-eabi/lib/thumb/gba_crt0.o (fake_heap_end)
/opt/local/devkitPro/devkitARM/bin/../lib/gcc/arm-eabi/4.1.2/../../../../arm-eabi/lib/thumb/libsysbase.a(iosupport.o)
                              /opt/local/devkitPro/devkitARM/bin/../lib/gcc/arm-eabi/4.1.2/../../../../arm-eabi/lib/thumb/libsysbase.a(close.o) (devoptab_list)
/opt/local/devkitPro/devkitARM/bin/../lib/gcc/arm-eabi/4.1.2/../../../../arm-eabi/lib/thumb/libc.a(lib_a-malloc.o)
                              /opt/local/devkitPro/devkitARM/bin/../lib/gcc/arm-eabi/4.1.2/../../../../arm-eabi/lib/thumb/libsysbase.a(close.o) (free)
/opt/local/devkitPro/devkitARM/bin/../lib/gcc/arm-eabi/4.1.2/../../../../arm-eabi/lib/thumb/libc.a(lib_a-strncmp.o)
                              /opt/local/devkitPro/devkitARM/bin/../lib/gcc/arm-eabi/4.1.2/../../../../arm-eabi/lib/thumb/libsysbase.a(iosupport.o) (strncmp)

Allocating common symbols
Common symbol       size              file

horiz_friction      0x4               robotmario.o
gravity             0x4               robotmario.o
__isr_table         0x78              /Users/justin/Source/gba/Work/robotmario/../lib/libtonc.a(tonc_irq.o)
vert_friction       0x4               robotmario.o
tmpstr              0x20              robotmario.o
__txt_base          0x20              /Users/justin/Source/gba/Work/robotmario/../lib/libtonc.a(tonc_text.o)
vert_terminal_velocity
                    0x4               robotmario.o
txt_lut             0x100             /Users/justin/Source/gba/Work/robotmario/../lib/libtonc.a(tonc_text.o)
obj_buffer          0x400             robotmario.o
sprite_buffer       0x1c00            robotmario.o
horiz_terminal_velocity
                    0x4               robotmario.o

Memory Configuration

Name             Origin             Length             Attributes
rom              0x08000000         0x02000000
iwram            0x03000000         0x00008000
ewram            0x02000000         0x00040000
*default*        0x00000000         0xffffffff

Linker script and memory map

                0x08000000                __text_start = 0x8000000
                0x02040000                __eheap_end = 0x2040000
                0x03000000                __iwram_start = 0x3000000
                0x03008000                __iwram_top = 0x3008000
                0x03007fa0                __sp_irq = (__iwram_top - 0x60)
                0x03007f00                __sp_usr = (__sp_irq - 0xa0)
                0x03007ff8                __irq_flags = 0x3007ff8
                0x08000000                . = __text_start

.init           0x08000000      0x218
 *(.init)
 .init          0x08000000      0x20c /opt/local/devkitPro/devkitARM/bin/../lib/gcc/arm-eabi/4.1.2/../../../../arm-eabi/lib/thumb/gba_crt0.o
                0x080000c4                __boot_method
                0x080000c5                __slave_number
                0x08000000                _start
                0x080000e0                start_vector
 .init          0x0800020c        0x4 /opt/local/devkitPro/devkitARM/bin/../lib/gcc/arm-eabi/4.1.2/thumb/crti.o
                0x0800020c                _init
 .init          0x08000210        0x8 /opt/local/devkitPro/devkitARM/bin/../lib/gcc/arm-eabi/4.1.2/thumb/crtn.o
                0x08000218                . = ALIGN (0x4)

.plt            0x08000218        0x0
 *(.plt)
                0x08000218                . = ALIGN (0x4)

.text           0x08000218     0x4c10
 *(EXCLUDE_FILE(*.iwram*) .text)
 .text          0x08000218        0x0 /opt/local/devkitPro/devkitARM/bin/../lib/gcc/arm-eabi/4.1.2/../../../../arm-eabi/lib/thumb/gba_crt0.o
 .text          0x08000218        0x0 /opt/local/devkitPro/devkitARM/bin/../lib/gcc/arm-eabi/4.1.2/thumb/crti.o
 .text          0x08000218       0x70 /opt/local/devkitPro/devkitARM/bin/../lib/gcc/arm-eabi/4.1.2/thumb/crtbegin.o
 .text          0x08000288        0x0 bg.o
 .text          0x08000288        0x0 mario.o
 .text          0x08000288     0x1434 robotmario.o
                0x080002e0                init_sprite
                0x08000944                spawn_mario
                0x08000f44                remove_dead_sprite
                0x0800101c                run_sprite
                0x080008e4                spawn_player
                0x08000684                behavior_get_to_center
                0x08000668                set_animation
                0x08000380                friction_offset
                0x0800075c                behavior_player
                0x08000be8                start_game
                0x08000d38                game_over
                0x0800047c                run_collisions
                0x08000288                reset_sprites
                0x0800032c                run_animation
                0x080011a0                init
                0x0800082c                behavior_kill_mario
                0x080013d8                main
                0x080002b8                vblank
                0x080003b8                run_physics
                0x08000ae0                start_attract
                0x080009f0                behavior_clone_after_loop
 .text          0x080016bc       0x8c /Users/justin/Source/gba/Work/robotmario/../lib/libtonc.a(tonc_core.o)
                0x080016bc                sqran
                0x080016f8                octant_rot
                0x080016cc                octant
 .text          0x08001748      0x334 /Users/justin/Source/gba/Work/robotmario/../lib/libtonc.a(tonc_irq.o)
                0x08001778                irq_set
                0x080019b0                irq_enable
                0x08001898                irq_add
                0x08001748                irq_set_master
                0x080019f4                irq_disable
                0x08001910                irq_delete
                0x08001a34                irq_init
 .text          0x08001a7c       0xd8 /Users/justin/Source/gba/Work/robotmario/../lib/libtonc.a(tonc_oam.o)
                0x08001af8                oam_init
                0x08001a7c                obj_copy
                0x08001ad0                obj_unhide_multi
                0x08001aac                obj_hide_multi
 .text          0x08001b54       0xe8 /Users/justin/Source/gba/Work/robotmario/../lib/libtonc.a(tonc_text.o)
                0x08001b54                txt_init_std
                0x08001b9c                txt_bup_1toX
 .text          0x08001c3c      0x17c /Users/justin/Source/gba/Work/robotmario/../lib/libtonc.a(tonc_text_map.o)
                0x08001c6c                se_puts
                0x08001cc8                se_clrs
                0x08001d18                txt_init_se
                0x08001c3c                se_putc
 .text          0x08001db8        0x0 /Users/justin/Source/gba/Work/robotmario/../lib/libtonc.a(tonc_isr_nest.o)
 .text          0x08001db8       0x44 /Users/justin/Source/gba/Work/robotmario/../lib/libtonc.a(tonc_memcpy.o)
                0x08001db8                memcpy16
 .text          0x08001dfc       0x3c /Users/justin/Source/gba/Work/robotmario/../lib/libtonc.a(tonc_memset.o)
                0x08001dfc                memset16
 .text          0x08001e38        0x0 /Users/justin/Source/gba/Work/robotmario/../lib/libtonc.a(toncfont.o)
 .text          0x08001e38       0xa4 /opt/local/devkitPro/devkitARM/bin/../lib/gcc/arm-eabi/4.1.2/thumb/libgcc.a(_divsi3.o)
                0x08001e38                __aeabi_idiv
                0x08001e38                __divsi3
                0x08001ecc                __aeabi_idivmod
 .text          0x08001edc        0x4 /opt/local/devkitPro/devkitARM/bin/../lib/gcc/arm-eabi/4.1.2/thumb/libgcc.a(_dvmd_tls.o)
                0x08001edc                __aeabi_ldiv0
                0x08001edc                __div0
                0x08001edc                __aeabi_idiv0
 .text          0x08001ee0       0x3c /opt/local/devkitPro/devkitARM/bin/../lib/gcc/arm-eabi/4.1.2/thumb/libgcc.a(_call_via_rX.o)
                0x08001ee8                _call_via_r2
                0x08001ef8                _call_via_r6
                0x08001ef4                _call_via_r5
                0x08001eec                _call_via_r3
                0x08001f0c                _call_via_fp
                0x08001f00                _call_via_r8
                0x08001efc                _call_via_r7
                0x08001ee0                _call_via_r0
                0x08001f08                _call_via_sl
                0x08001f14                _call_via_sp
                0x08001f04                _call_via_r9
                0x08001ef0                _call_via_r4
                0x08001ee4                _call_via_r1
                0x08001f10                _call_via_ip
                0x08001f18                _call_via_lr
 .text          0x08001f1c       0x88 /opt/local/devkitPro/devkitARM/bin/../lib/gcc/arm-eabi/4.1.2/../../../../arm-eabi/lib/thumb/libg.a(lib_a-init.o)
                0x08001f4c                __libc_init_array
                0x08001f1c                __libc_fini_array
 .text          0x08001fa4       0x5c /opt/local/devkitPro/devkitARM/bin/../lib/gcc/arm-eabi/4.1.2/../../../../arm-eabi/lib/thumb/libg.a(lib_a-memcpy.o)
                0x08001fa4                memcpy
 .text          0x08002000       0x58 /opt/local/devkitPro/devkitARM/bin/../lib/gcc/arm-eabi/4.1.2/../../../../arm-eabi/lib/thumb/libg.a(lib_a-rand.o)
                0x08002014                rand
                0x08002000                srand
 .text          0x08002058       0x84 /opt/local/devkitPro/devkitARM/bin/../lib/gcc/arm-eabi/4.1.2/../../../../arm-eabi/lib/thumb/libg.a(lib_a-siprintf.o)
                0x0800209c                _siprintf_r
                0x08002058                siprintf
 .text          0x080020dc      0xcfc /opt/local/devkitPro/devkitARM/bin/../lib/gcc/arm-eabi/4.1.2/../../../../arm-eabi/lib/thumb/libg.a(lib_a-vfiprintf.o)
                0x08002db4                vfiprintf
                0x080020fc                _vfiprintf_r
 .text          0x08002dd8       0x58 /opt/local/devkitPro/devkitARM/bin/../lib/gcc/arm-eabi/4.1.2/../../../../arm-eabi/lib/thumb/libg.a(lib_a-wcrtomb.o)
                0x08002dd8                _wcrtomb_r
                0x08002e0c                wcrtomb
 .text          0x08002e30      0x104 /opt/local/devkitPro/devkitARM/bin/../lib/gcc/arm-eabi/4.1.2/../../../../arm-eabi/lib/thumb/libg.a(lib_a-wcsrtombs.o)
                0x08002e30                _wcsrtombs_r
                0x08002f0c                wcsrtombs
 .text          0x08002f34      0x2c8 /opt/local/devkitPro/devkitARM/bin/../lib/gcc/arm-eabi/4.1.2/../../../../arm-eabi/lib/thumb/libg.a(lib_a-wctomb_r.o)
                0x08002f34                _wctomb_r
 .text          0x080031fc       0xb0 /opt/local/devkitPro/devkitARM/bin/../lib/gcc/arm-eabi/4.1.2/../../../../arm-eabi/lib/thumb/libg.a(lib_a-wsetup.o)
                0x080031fc                __swsetup
 .text          0x080032ac      0x10c /opt/local/devkitPro/devkitARM/bin/../lib/gcc/arm-eabi/4.1.2/../../../../arm-eabi/lib/thumb/libg.a(lib_a-fflush.o)
                0x080032ac                fflush
 .text          0x080033b8      0x1cc /opt/local/devkitPro/devkitARM/bin/../lib/gcc/arm-eabi/4.1.2/../../../../arm-eabi/lib/thumb/libg.a(lib_a-findfp.o)
                0x08003400                __sinit
                0x080034c8                __sfmoreglue
                0x080034b0                _cleanup
                0x0800349c                _cleanup_r
                0x08003480                __fp_lock_all
                0x080033f0                __sfp_lock_acquire
                0x08003500                __sfp
                0x080033fc                __sinit_lock_release
                0x08003464                __fp_unlock_all
                0x080033f4                __sfp_lock_release
                0x080033f8                __sinit_lock_acquire
 .text          0x08003584      0x270 /opt/local/devkitPro/devkitARM/bin/../lib/gcc/arm-eabi/4.1.2/../../../../arm-eabi/lib/thumb/libg.a(lib_a-freer.o)
                0x08003628                _free_r
                0x08003584                _malloc_trim_r
 .text          0x080037f4      0x2bc /opt/local/devkitPro/devkitARM/bin/../lib/gcc/arm-eabi/4.1.2/../../../../arm-eabi/lib/thumb/libg.a(lib_a-fvwrite.o)
                0x080037f4                __sfvwrite_r
 .text          0x08003ab0       0xd4 /opt/local/devkitPro/devkitARM/bin/../lib/gcc/arm-eabi/4.1.2/../../../../arm-eabi/lib/thumb/libg.a(lib_a-fwalk.o)
                0x08003b1c                _fwalk
                0x08003ab0                _fwalk_reent
 .text          0x08003b84        0x0 /opt/local/devkitPro/devkitARM/bin/../lib/gcc/arm-eabi/4.1.2/../../../../arm-eabi/lib/thumb/libg.a(lib_a-impure.o)
 .text          0x08003b84       0x90 /opt/local/devkitPro/devkitARM/bin/../lib/gcc/arm-eabi/4.1.2/../../../../arm-eabi/lib/thumb/libg.a(lib_a-locale.o)
                0x08003bb0                _setlocale_r
                0x08003b84                __locale_charset
                0x08003b90                _localeconv_r
                0x08003bf8                setlocale
                0x08003b98                localeconv
 .text          0x08003c14       0xe4 /opt/local/devkitPro/devkitARM/bin/../lib/gcc/arm-eabi/4.1.2/../../../../arm-eabi/lib/thumb/libg.a(lib_a-makebuf.o)
                0x08003c14                __smakebuf
 .text          0x08003cf8      0x548 /opt/local/devkitPro/devkitARM/bin/../lib/gcc/arm-eabi/4.1.2/../../../../arm-eabi/lib/thumb/libg.a(lib_a-mallocr.o)
                0x08003cf8                _malloc_r
 .text          0x08004240       0xb4 /opt/local/devkitPro/devkitARM/bin/../lib/gcc/arm-eabi/4.1.2/../../../../arm-eabi/lib/thumb/libg.a(lib_a-memchr.o)
                0x08004240                memchr
 .text          0x080042f4       0x84 /opt/local/devkitPro/devkitARM/bin/../lib/gcc/arm-eabi/4.1.2/../../../../arm-eabi/lib/thumb/libg.a(lib_a-memmove.o)
                0x080042f4                memmove
 .text          0x08004378       0x60 /opt/local/devkitPro/devkitARM/bin/../lib/gcc/arm-eabi/4.1.2/../../../../arm-eabi/lib/thumb/libg.a(lib_a-memset.o)
                0x08004378                memset
 .text          0x080043d8        0x8 /opt/local/devkitPro/devkitARM/bin/../lib/gcc/arm-eabi/4.1.2/../../../../arm-eabi/lib/thumb/libg.a(lib_a-mlock.o)
                0x080043dc                __malloc_unlock
                0x080043d8                __malloc_lock
 .text          0x080043e0      0x34c /opt/local/devkitPro/devkitARM/bin/../lib/gcc/arm-eabi/4.1.2/../../../../arm-eabi/lib/thumb/libg.a(lib_a-reallocr.o)
                0x080043e0                _realloc_r
 .text          0x0800472c       0xe0 /opt/local/devkitPro/devkitARM/bin/../lib/gcc/arm-eabi/4.1.2/../../../../arm-eabi/lib/thumb/libg.a(lib_a-stdio.o)
                0x08004748                __sseek
                0x080047d0                __sread
                0x0800472c                __sclose
                0x08004788                __swrite
 .text          0x0800480c       0x68 /opt/local/devkitPro/devkitARM/bin/../lib/gcc/arm-eabi/4.1.2/../../../../arm-eabi/lib/thumb/libg.a(lib_a-strcmp.o)
                0x0800480c                strcmp
 .text          0x08004874       0x50 /opt/local/devkitPro/devkitARM/bin/../lib/gcc/arm-eabi/4.1.2/../../../../arm-eabi/lib/thumb/libg.a(lib_a-strlen.o)
                0x08004874                strlen
 .text          0x080048c4       0xc4 /opt/local/devkitPro/devkitARM/bin/../lib/gcc/arm-eabi/4.1.2/../../../../arm-eabi/lib/thumb/libg.a(lib_a-fclose.o)
                0x080048c4                _fclose_r
                0x0800496c                fclose
 .text          0x08004988       0x8c /opt/local/devkitPro/devkitARM/bin/../lib/gcc/arm-eabi/4.1.2/thumb/libgcc.a(_udivsi3.o)
                0x08004988                __udivsi3
                0x08004988                __aeabi_uidiv
                0x08004a04                __aeabi_uidivmod
 .text          0x08004a14       0x84 /opt/local/devkitPro/devkitARM/bin/../lib/gcc/arm-eabi/4.1.2/thumb/libgcc.a(_muldi3.o)
                0x08004a14                __aeabi_lmul
                0x08004a14                __muldi3
 .text          0x08004a98       0x44 /opt/local/devkitPro/devkitARM/bin/../lib/gcc/arm-eabi/4.1.2/../../../../arm-eabi/lib/thumb/libsysbase.a(close.o)
                0x08004a98                _close_r
 .text          0x08004adc       0x44 /opt/local/devkitPro/devkitARM/bin/../lib/gcc/arm-eabi/4.1.2/../../../../arm-eabi/lib/thumb/libsysbase.a(fstat.o)
                0x08004adc                _fstat_r
 .text          0x08004b20        0x4 /opt/local/devkitPro/devkitARM/bin/../lib/gcc/arm-eabi/4.1.2/../../../../arm-eabi/lib/thumb/libsysbase.a(isatty.o)
                0x08004b20                isatty
 .text          0x08004b24       0x3c /opt/local/devkitPro/devkitARM/bin/../lib/gcc/arm-eabi/4.1.2/../../../../arm-eabi/lib/thumb/libsysbase.a(lseek.o)
                0x08004b24                _lseek_r
 .text          0x08004b60       0x44 /opt/local/devkitPro/devkitARM/bin/../lib/gcc/arm-eabi/4.1.2/../../../../arm-eabi/lib/thumb/libsysbase.a(read.o)
                0x08004b60                _read_r
 .text          0x08004ba4       0x5c /opt/local/devkitPro/devkitARM/bin/../lib/gcc/arm-eabi/4.1.2/../../../../arm-eabi/lib/thumb/libsysbase.a(sbrk.o)
                0x08004ba4                _sbrk_r
 .text          0x08004c00       0x44 /opt/local/devkitPro/devkitARM/bin/../lib/gcc/arm-eabi/4.1.2/../../../../arm-eabi/lib/thumb/libsysbase.a(write.o)
                0x08004c00                _write_r
 .text          0x08004c44        0x0 /opt/local/devkitPro/devkitARM/bin/../lib/gcc/arm-eabi/4.1.2/../../../../arm-eabi/lib/thumb/libsysbase.a(malloc_vars.o)
 .text          0x08004c44      0x120 /opt/local/devkitPro/devkitARM/bin/../lib/gcc/arm-eabi/4.1.2/../../../../arm-eabi/lib/thumb/libsysbase.a(iosupport.o)
                0x08004d38                RemoveDevice
                0x08004c44                setDefaultDevice
                0x08004c58                AddDevice
                0x08004cd0                FindDevice
 .text          0x08004d64       0x30 /opt/local/devkitPro/devkitARM/bin/../lib/gcc/arm-eabi/4.1.2/../../../../arm-eabi/lib/thumb/libc.a(lib_a-malloc.o)
                0x08004d7c                malloc
                0x08004d64                free
 .text          0x08004d94       0x94 /opt/local/devkitPro/devkitARM/bin/../lib/gcc/arm-eabi/4.1.2/../../../../arm-eabi/lib/thumb/libc.a(lib_a-strncmp.o)
                0x08004d94                strncmp
 .text          0x08004e28        0x0 /opt/local/devkitPro/devkitARM/bin/../lib/gcc/arm-eabi/4.1.2/thumb/crtend.o
 .text          0x08004e28        0x0 /opt/local/devkitPro/devkitARM/bin/../lib/gcc/arm-eabi/4.1.2/thumb/crtn.o
 *(.text.*)
 *(.stub)
 *(.gnu.warning)
 *(.gnu.linkonce.t*)
 *(.glue_7)
 .glue_7        0x08004e28        0x0 /opt/local/devkitPro/devkitARM/bin/../lib/gcc/arm-eabi/4.1.2/../../../../arm-eabi/lib/thumb/gba_crt0.o
 .glue_7        0x08004e28        0x0 /opt/local/devkitPro/devkitARM/bin/../lib/gcc/arm-eabi/4.1.2/thumb/crti.o
 .glue_7        0x08004e28        0x0 /opt/local/devkitPro/devkitARM/bin/../lib/gcc/arm-eabi/4.1.2/thumb/crtbegin.o
 .glue_7        0x08004e28        0x0 bg.o
 .glue_7        0x08004e28        0x0 mario.o
 .glue_7        0x08004e28        0x0 robotmario.o
 .glue_7        0x08004e28        0x0 /Users/justin/Source/gba/Work/robotmario/../lib/libtonc.a(tonc_core.o)
 .glue_7        0x08004e28        0x0 /Users/justin/Source/gba/Work/robotmario/../lib/libtonc.a(tonc_irq.o)
 .glue_7        0x08004e28        0x0 /Users/justin/Source/gba/Work/robotmario/../lib/libtonc.a(tonc_oam.o)
 .glue_7        0x08004e28        0x0 /Users/justin/Source/gba/Work/robotmario/../lib/libtonc.a(tonc_text.o)
 .glue_7        0x08004e28        0x0 /Users/justin/Source/gba/Work/robotmario/../lib/libtonc.a(tonc_text_map.o)
 .glue_7        0x08004e28        0x0 /Users/justin/Source/gba/Work/robotmario/../lib/libtonc.a(tonc_isr_nest.o)
 .glue_7        0x08004e28        0x0 /Users/justin/Source/gba/Work/robotmario/../lib/libtonc.a(tonc_memcpy.o)
 .glue_7        0x08004e28        0x0 /Users/justin/Source/gba/Work/robotmario/../lib/libtonc.a(tonc_memset.o)
 .glue_7        0x08004e28        0x0 /Users/justin/Source/gba/Work/robotmario/../lib/libtonc.a(toncfont.o)
 .glue_7        0x08004e28        0x0 /opt/local/devkitPro/devkitARM/bin/../lib/gcc/arm-eabi/4.1.2/thumb/libgcc.a(_divsi3.o)
 .glue_7        0x08004e28        0x0 /opt/local/devkitPro/devkitARM/bin/../lib/gcc/arm-eabi/4.1.2/thumb/libgcc.a(_dvmd_tls.o)
 .glue_7        0x08004e28        0x0 /opt/local/devkitPro/devkitARM/bin/../lib/gcc/arm-eabi/4.1.2/thumb/libgcc.a(_call_via_rX.o)
 .glue_7        0x08004e28        0x0 /opt/local/devkitPro/devkitARM/bin/../lib/gcc/arm-eabi/4.1.2/../../../../arm-eabi/lib/thumb/libg.a(lib_a-init.o)
 .glue_7        0x08004e28        0x0 /opt/local/devkitPro/devkitARM/bin/../lib/gcc/arm-eabi/4.1.2/../../../../arm-eabi/lib/thumb/libg.a(lib_a-memcpy.o)
 .glue_7        0x08004e28        0x0 /opt/local/devkitPro/devkitARM/bin/../lib/gcc/arm-eabi/4.1.2/../../../../arm-eabi/lib/thumb/libg.a(lib_a-rand.o)
 .glue_7        0x08004e28        0x0 /opt/local/devkitPro/devkitARM/bin/../lib/gcc/arm-eabi/4.1.2/../../../../arm-eabi/lib/thumb/libg.a(lib_a-siprintf.o)
 .glue_7        0x08004e28        0x0 /opt/local/devkitPro/devkitARM/bin/../lib/gcc/arm-eabi/4.1.2/../../../../arm-eabi/lib/thumb/libg.a(lib_a-vfiprintf.o)
 .glue_7        0x08004e28        0x0 /opt/local/devkitPro/devkitARM/bin/../lib/gcc/arm-eabi/4.1.2/../../../../arm-eabi/lib/thumb/libg.a(lib_a-wcrtomb.o)
 .glue_7        0x08004e28        0x0 /opt/local/devkitPro/devkitARM/bin/../lib/gcc/arm-eabi/4.1.2/../../../../arm-eabi/lib/thumb/libg.a(lib_a-wcsrtombs.o)
 .glue_7        0x08004e28        0x0 /opt/local/devkitPro/devkitARM/bin/../lib/gcc/arm-eabi/4.1.2/../../../../arm-eabi/lib/thumb/libg.a(lib_a-wctomb_r.o)
 .glue_7        0x08004e28        0x0 /opt/local/devkitPro/devkitARM/bin/../lib/gcc/arm-eabi/4.1.2/../../../../arm-eabi/lib/thumb/libg.a(lib_a-wsetup.o)
 .glue_7        0x08004e28        0x0 /opt/local/devkitPro/devkitARM/bin/../lib/gcc/arm-eabi/4.1.2/../../../../arm-eabi/lib/thumb/libg.a(lib_a-fflush.o)
 .glue_7        0x08004e28        0x0 /opt/local/devkitPro/devkitARM/bin/../lib/gcc/arm-eabi/4.1.2/../../../../arm-eabi/lib/thumb/libg.a(lib_a-findfp.o)
 .glue_7        0x08004e28        0x0 /opt/local/devkitPro/devkitARM/bin/../lib/gcc/arm-eabi/4.1.2/../../../../arm-eabi/lib/thumb/libg.a(lib_a-freer.o)
 .glue_7        0x08004e28        0x0 /opt/local/devkitPro/devkitARM/bin/../lib/gcc/arm-eabi/4.1.2/../../../../arm-eabi/lib/thumb/libg.a(lib_a-fvwrite.o)
 .glue_7        0x08004e28        0x0 /opt/local/devkitPro/devkitARM/bin/../lib/gcc/arm-eabi/4.1.2/../../../../arm-eabi/lib/thumb/libg.a(lib_a-fwalk.o)
 .glue_7        0x08004e28        0x0 /opt/local/devkitPro/devkitARM/bin/../lib/gcc/arm-eabi/4.1.2/../../../../arm-eabi/lib/thumb/libg.a(lib_a-impure.o)
 .glue_7        0x08004e28        0x0 /opt/local/devkitPro/devkitARM/bin/../lib/gcc/arm-eabi/4.1.2/../../../../arm-eabi/lib/thumb/libg.a(lib_a-locale.o)
 .glue_7        0x08004e28        0x0 /opt/local/devkitPro/devkitARM/bin/../lib/gcc/arm-eabi/4.1.2/../../../../arm-eabi/lib/thumb/libg.a(lib_a-makebuf.o)
 .glue_7        0x08004e28        0x0 /opt/local/devkitPro/devkitARM/bin/../lib/gcc/arm-eabi/4.1.2/../../../../arm-eabi/lib/thumb/libg.a(lib_a-mallocr.o)
 .glue_7        0x08004e28        0x0 /opt/local/devkitPro/devkitARM/bin/../lib/gcc/arm-eabi/4.1.2/../../../../arm-eabi/lib/thumb/libg.a(lib_a-memchr.o)
 .glue_7        0x08004e28        0x0 /opt/local/devkitPro/devkitARM/bin/../lib/gcc/arm-eabi/4.1.2/../../../../arm-eabi/lib/thumb/libg.a(lib_a-memmove.o)
 .glue_7        0x08004e28        0x0 /opt/local/devkitPro/devkitARM/bin/../lib/gcc/arm-eabi/4.1.2/../../../../arm-eabi/lib/thumb/libg.a(lib_a-memset.o)
 .glue_7        0x08004e28        0x0 /opt/local/devkitPro/devkitARM/bin/../lib/gcc/arm-eabi/4.1.2/../../../../arm-eabi/lib/thumb/libg.a(lib_a-mlock.o)
 .glue_7        0x08004e28        0x0 /opt/local/devkitPro/devkitARM/bin/../lib/gcc/arm-eabi/4.1.2/../../../../arm-eabi/lib/thumb/libg.a(lib_a-reallocr.o)
 .glue_7        0x08004e28        0x0 /opt/local/devkitPro/devkitARM/bin/../lib/gcc/arm-eabi/4.1.2/../../../../arm-eabi/lib/thumb/libg.a(lib_a-stdio.o)
 .glue_7        0x08004e28        0x0 /opt/local/devkitPro/devkitARM/bin/../lib/gcc/arm-eabi/4.1.2/../../../../arm-eabi/lib/thumb/libg.a(lib_a-strcmp.o)
 .glue_7        0x08004e28        0x0 /opt/local/devkitPro/devkitARM/bin/../lib/gcc/arm-eabi/4.1.2/../../../../arm-eabi/lib/thumb/libg.a(lib_a-strlen.o)
 .glue_7        0x08004e28        0x0 /opt/local/devkitPro/devkitARM/bin/../lib/gcc/arm-eabi/4.1.2/../../../../arm-eabi/lib/thumb/libg.a(lib_a-fclose.o)
 .glue_7        0x08004e28        0x0 /opt/local/devkitPro/devkitARM/bin/../lib/gcc/arm-eabi/4.1.2/thumb/libgcc.a(_udivsi3.o)
 .glue_7        0x08004e28        0x0 /opt/local/devkitPro/devkitARM/bin/../lib/gcc/arm-eabi/4.1.2/thumb/libgcc.a(_muldi3.o)
 .glue_7        0x08004e28        0x0 /opt/local/devkitPro/devkitARM/bin/../lib/gcc/arm-eabi/4.1.2/../../../../arm-eabi/lib/thumb/libsysbase.a(close.o)
 .glue_7        0x08004e28        0x0 /opt/local/devkitPro/devkitARM/bin/../lib/gcc/arm-eabi/4.1.2/../../../../arm-eabi/lib/thumb/libsysbase.a(fstat.o)
 .glue_7        0x08004e28        0x0 /opt/local/devkitPro/devkitARM/bin/../lib/gcc/arm-eabi/4.1.2/../../../../arm-eabi/lib/thumb/libsysbase.a(isatty.o)
 .glue_7        0x08004e28        0x0 /opt/local/devkitPro/devkitARM/bin/../lib/gcc/arm-eabi/4.1.2/../../../../arm-eabi/lib/thumb/libsysbase.a(lseek.o)
 .glue_7        0x08004e28        0x0 /opt/local/devkitPro/devkitARM/bin/../lib/gcc/arm-eabi/4.1.2/../../../../arm-eabi/lib/thumb/libsysbase.a(read.o)
 .glue_7        0x08004e28        0x0 /opt/local/devkitPro/devkitARM/bin/../lib/gcc/arm-eabi/4.1.2/../../../../arm-eabi/lib/thumb/libsysbase.a(sbrk.o)
 .glue_7        0x08004e28        0x0 /opt/local/devkitPro/devkitARM/bin/../lib/gcc/arm-eabi/4.1.2/../../../../arm-eabi/lib/thumb/libsysbase.a(write.o)
 .glue_7        0x08004e28        0x0 /opt/local/devkitPro/devkitARM/bin/../lib/gcc/arm-eabi/4.1.2/../../../../arm-eabi/lib/thumb/libsysbase.a(malloc_vars.o)
 .glue_7        0x08004e28        0x0 /opt/local/devkitPro/devkitARM/bin/../lib/gcc/arm-eabi/4.1.2/../../../../arm-eabi/lib/thumb/libsysbase.a(iosupport.o)
 .glue_7        0x08004e28        0x0 /opt/local/devkitPro/devkitARM/bin/../lib/gcc/arm-eabi/4.1.2/../../../../arm-eabi/lib/thumb/libc.a(lib_a-malloc.o)
 .glue_7        0x08004e28        0x0 /opt/local/devkitPro/devkitARM/bin/../lib/gcc/arm-eabi/4.1.2/../../../../arm-eabi/lib/thumb/libc.a(lib_a-strncmp.o)
 .glue_7        0x08004e28        0x0 /opt/local/devkitPro/devkitARM/bin/../lib/gcc/arm-eabi/4.1.2/thumb/crtend.o
 .glue_7        0x08004e28        0x0 /opt/local/devkitPro/devkitARM/bin/../lib/gcc/arm-eabi/4.1.2/thumb/crtn.o
 *(.glue_7t)
 .glue_7t       0x08004e28        0x0 /opt/local/devkitPro/devkitARM/bin/../lib/gcc/arm-eabi/4.1.2/../../../../arm-eabi/lib/thumb/gba_crt0.o
 .glue_7t       0x08004e28        0x0 /opt/local/devkitPro/devkitARM/bin/../lib/gcc/arm-eabi/4.1.2/thumb/crti.o
 .glue_7t       0x08004e28        0x0 /opt/local/devkitPro/devkitARM/bin/../lib/gcc/arm-eabi/4.1.2/thumb/crtbegin.o
 .glue_7t       0x08004e28        0x0 bg.o
 .glue_7t       0x08004e28        0x0 mario.o
 .glue_7t       0x08004e28        0x0 robotmario.o
 .glue_7t       0x08004e28        0x0 /Users/justin/Source/gba/Work/robotmario/../lib/libtonc.a(tonc_core.o)
 .glue_7t       0x08004e28        0x0 /Users/justin/Source/gba/Work/robotmario/../lib/libtonc.a(tonc_irq.o)
 .glue_7t       0x08004e28        0x0 /Users/justin/Source/gba/Work/robotmario/../lib/libtonc.a(tonc_oam.o)
 .glue_7t       0x08004e28        0x0 /Users/justin/Source/gba/Work/robotmario/../lib/libtonc.a(tonc_text.o)
 .glue_7t       0x08004e28        0x0 /Users/justin/Source/gba/Work/robotmario/../lib/libtonc.a(tonc_text_map.o)
 .glue_7t       0x08004e28        0x0 /Users/justin/Source/gba/Work/robotmario/../lib/libtonc.a(tonc_isr_nest.o)
 .glue_7t       0x08004e28        0x0 /Users/justin/Source/gba/Work/robotmario/../lib/libtonc.a(tonc_memcpy.o)
 .glue_7t       0x08004e28        0x0 /Users/justin/Source/gba/Work/robotmario/../lib/libtonc.a(tonc_memset.o)
 .glue_7t       0x08004e28        0x0 /Users/justin/Source/gba/Work/robotmario/../lib/libtonc.a(toncfont.o)
 .glue_7t       0x08004e28        0x0 /opt/local/devkitPro/devkitARM/bin/../lib/gcc/arm-eabi/4.1.2/thumb/libgcc.a(_divsi3.o)
 .glue_7t       0x08004e28        0x0 /opt/local/devkitPro/devkitARM/bin/../lib/gcc/arm-eabi/4.1.2/thumb/libgcc.a(_dvmd_tls.o)
 .glue_7t       0x08004e28        0x0 /opt/local/devkitPro/devkitARM/bin/../lib/gcc/arm-eabi/4.1.2/thumb/libgcc.a(_call_via_rX.o)
 .glue_7t       0x08004e28        0x0 /opt/local/devkitPro/devkitARM/bin/../lib/gcc/arm-eabi/4.1.2/../../../../arm-eabi/lib/thumb/libg.a(lib_a-init.o)
 .glue_7t       0x08004e28        0x0 /opt/local/devkitPro/devkitARM/bin/../lib/gcc/arm-eabi/4.1.2/../../../../arm-eabi/lib/thumb/libg.a(lib_a-memcpy.o)
 .glue_7t       0x08004e28        0x0 /opt/local/devkitPro/devkitARM/bin/../lib/gcc/arm-eabi/4.1.2/../../../../arm-eabi/lib/thumb/libg.a(lib_a-rand.o)
 .glue_7t       0x08004e28        0x0 /opt/local/devkitPro/devkitARM/bin/../lib/gcc/arm-eabi/4.1.2/../../../../arm-eabi/lib/thumb/libg.a(lib_a-siprintf.o)
 .glue_7t       0x08004e28        0x0 /opt/local/devkitPro/devkitARM/bin/../lib/gcc/arm-eabi/4.1.2/../../../../arm-eabi/lib/thumb/libg.a(lib_a-vfiprintf.o)
 .glue_7t       0x08004e28        0x0 /opt/local/devkitPro/devkitARM/bin/../lib/gcc/arm-eabi/4.1.2/../../../../arm-eabi/lib/thumb/libg.a(lib_a-wcrtomb.o)
 .glue_7t       0x08004e28        0x0 /opt/local/devkitPro/devkitARM/bin/../lib/gcc/arm-eabi/4.1.2/../../../../arm-eabi/lib/thumb/libg.a(lib_a-wcsrtombs.o)
 .glue_7t       0x08004e28        0x0 /opt/local/devkitPro/devkitARM/bin/../lib/gcc/arm-eabi/4.1.2/../../../../arm-eabi/lib/thumb/libg.a(lib_a-wctomb_r.o)
 .glue_7t       0x08004e28        0x0 /opt/local/devkitPro/devkitARM/bin/../lib/gcc/arm-eabi/4.1.2/../../../../arm-eabi/lib/thumb/libg.a(lib_a-wsetup.o)
 .glue_7t       0x08004e28        0x0 /opt/local/devkitPro/devkitARM/bin/../lib/gcc/arm-eabi/4.1.2/../../../../arm-eabi/lib/thumb/libg.a(lib_a-fflush.o)
 .glue_7t       0x08004e28        0x0 /opt/local/devkitPro/devkitARM/bin/../lib/gcc/arm-eabi/4.1.2/../../../../arm-eabi/lib/thumb/libg.a(lib_a-findfp.o)
 .glue_7t       0x08004e28        0x0 /opt/local/devkitPro/devkitARM/bin/../lib/gcc/arm-eabi/4.1.2/../../../../arm-eabi/lib/thumb/libg.a(lib_a-freer.o)
 .glue_7t       0x08004e28        0x0 /opt/local/devkitPro/devkitARM/bin/../lib/gcc/arm-eabi/4.1.2/../../../../arm-eabi/lib/thumb/libg.a(lib_a-fvwrite.o)
 .glue_7t       0x08004e28        0x0 /opt/local/devkitPro/devkitARM/bin/../lib/gcc/arm-eabi/4.1.2/../../../../arm-eabi/lib/thumb/libg.a(lib_a-fwalk.o)
 .glue_7t       0x08004e28        0x0 /opt/local/devkitPro/devkitARM/bin/../lib/gcc/arm-eabi/4.1.2/../../../../arm-eabi/lib/thumb/libg.a(lib_a-impure.o)
 .glue_7t       0x08004e28        0x0 /opt/local/devkitPro/devkitARM/bin/../lib/gcc/arm-eabi/4.1.2/../../../../arm-eabi/lib/thumb/libg.a(lib_a-locale.o)
 .glue_7t       0x08004e28        0x0 /opt/local/devkitPro/devkitARM/bin/../lib/gcc/arm-eabi/4.1.2/../../../../arm-eabi/lib/thumb/libg.a(lib_a-makebuf.o)
 .glue_7t       0x08004e28        0x0 /opt/local/devkitPro/devkitARM/bin/../lib/gcc/arm-eabi/4.1.2/../../../../arm-eabi/lib/thumb/libg.a(lib_a-mallocr.o)
 .glue_7t       0x08004e28        0x0 /opt/local/devkitPro/devkitARM/bin/../lib/gcc/arm-eabi/4.1.2/../../../../arm-eabi/lib/thumb/libg.a(lib_a-memchr.o)
 .glue_7t       0x08004e28        0x0 /opt/local/devkitPro/devkitARM/bin/../lib/gcc/arm-eabi/4.1.2/../../../../arm-eabi/lib/thumb/libg.a(lib_a-memmove.o)
 .glue_7t       0x08004e28        0x0 /opt/local/devkitPro/devkitARM/bin/../lib/gcc/arm-eabi/4.1.2/../../../../arm-eabi/lib/thumb/libg.a(lib_a-memset.o)
 .glue_7t       0x08004e28        0x0 /opt/local/devkitPro/devkitARM/bin/../lib/gcc/arm-eabi/4.1.2/../../../../arm-eabi/lib/thumb/libg.a(lib_a-mlock.o)
 .glue_7t       0x08004e28        0x0 /opt/local/devkitPro/devkitARM/bin/../lib/gcc/arm-eabi/4.1.2/../../../../arm-eabi/lib/thumb/libg.a(lib_a-reallocr.o)
 .glue_7t       0x08004e28        0x0 /opt/local/devkitPro/devkitARM/bin/../lib/gcc/arm-eabi/4.1.2/../../../../arm-eabi/lib/thumb/libg.a(lib_a-stdio.o)
 .glue_7t       0x08004e28        0x0 /opt/local/devkitPro/devkitARM/bin/../lib/gcc/arm-eabi/4.1.2/../../../../arm-eabi/lib/thumb/libg.a(lib_a-strcmp.o)
 .glue_7t       0x08004e28        0x0 /opt/local/devkitPro/devkitARM/bin/../lib/gcc/arm-eabi/4.1.2/../../../../arm-eabi/lib/thumb/libg.a(lib_a-strlen.o)
 .glue_7t       0x08004e28        0x0 /opt/local/devkitPro/devkitARM/bin/../lib/gcc/arm-eabi/4.1.2/../../../../arm-eabi/lib/thumb/libg.a(lib_a-fclose.o)
 .glue_7t       0x08004e28        0x0 /opt/local/devkitPro/devkitARM/bin/../lib/gcc/arm-eabi/4.1.2/thumb/libgcc.a(_udivsi3.o)
 .glue_7t       0x08004e28        0x0 /opt/local/devkitPro/devkitARM/bin/../lib/gcc/arm-eabi/4.1.2/thumb/libgcc.a(_muldi3.o)
 .glue_7t       0x08004e28        0x0 /opt/local/devkitPro/devkitARM/bin/../lib/gcc/arm-eabi/4.1.2/../../../../arm-eabi/lib/thumb/libsysbase.a(close.o)
 .glue_7t       0x08004e28        0x0 /opt/local/devkitPro/devkitARM/bin/../lib/gcc/arm-eabi/4.1.2/../../../../arm-eabi/lib/thumb/libsysbase.a(fstat.o)
 .glue_7t       0x08004e28        0x0 /opt/local/devkitPro/devkitARM/bin/../lib/gcc/arm-eabi/4.1.2/../../../../arm-eabi/lib/thumb/libsysbase.a(isatty.o)
 .glue_7t       0x08004e28        0x0 /opt/local/devkitPro/devkitARM/bin/../lib/gcc/arm-eabi/4.1.2/../../../../arm-eabi/lib/thumb/libsysbase.a(lseek.o)
 .glue_7t       0x08004e28        0x0 /opt/local/devkitPro/devkitARM/bin/../lib/gcc/arm-eabi/4.1.2/../../../../arm-eabi/lib/thumb/libsysbase.a(read.o)
 .glue_7t       0x08004e28        0x0 /opt/local/devkitPro/devkitARM/bin/../lib/gcc/arm-eabi/4.1.2/../../../../arm-eabi/lib/thumb/libsysbase.a(sbrk.o)
 .glue_7t       0x08004e28        0x0 /opt/local/devkitPro/devkitARM/bin/../lib/gcc/arm-eabi/4.1.2/../../../../arm-eabi/lib/thumb/libsysbase.a(write.o)
 .glue_7t       0x08004e28        0x0 /opt/local/devkitPro/devkitARM/bin/../lib/gcc/arm-eabi/4.1.2/../../../../arm-eabi/lib/thumb/libsysbase.a(malloc_vars.o)
 .glue_7t       0x08004e28        0x0 /opt/local/devkitPro/devkitARM/bin/../lib/gcc/arm-eabi/4.1.2/../../../../arm-eabi/lib/thumb/libsysbase.a(iosupport.o)
 .glue_7t       0x08004e28        0x0 /opt/local/devkitPro/devkitARM/bin/../lib/gcc/arm-eabi/4.1.2/../../../../arm-eabi/lib/thumb/libc.a(lib_a-malloc.o)
 .glue_7t       0x08004e28        0x0 /opt/local/devkitPro/devkitARM/bin/../lib/gcc/arm-eabi/4.1.2/../../../../arm-eabi/lib/thumb/libc.a(lib_a-strncmp.o)
 .glue_7t       0x08004e28        0x0 /opt/local/devkitPro/devkitARM/bin/../lib/gcc/arm-eabi/4.1.2/thumb/crtend.o
 .glue_7t       0x08004e28        0x0 /opt/local/devkitPro/devkitARM/bin/../lib/gcc/arm-eabi/4.1.2/thumb/crtn.o
                0x08004e28                . = ALIGN (0x4)
                0x08004e28                __text_end = .

.fini           0x08004e28        0xc
 *(.fini)
 .fini          0x08004e28        0x4 /opt/local/devkitPro/devkitARM/bin/../lib/gcc/arm-eabi/4.1.2/thumb/crti.o
                0x08004e28                _fini
 .fini          0x08004e2c        0x8 /opt/local/devkitPro/devkitARM/bin/../lib/gcc/arm-eabi/4.1.2/thumb/crtn.o
                0x08004e34                . = ALIGN (0x4)

.rodata         0x08004e34     0xbfa0
 *(.rodata)
 .rodata        0x08004e34     0x2500 bg.o
                0x08006e34                MAP_BG1
                0x08004e34                PAL_BG
                0x08005034                TS_BG
                0x08006934                MAP_BG2
                0x08006434                MAP_BG3
 .rodata        0x08007334     0x9200 mario.o
                0x08007334                marioPal
                0x08007534                marioTiles
 .rodata        0x08010534      0x234 robotmario.o
                0x08010754                ANIM_PLAYER_SLIDE_RIGHT
                0x0801072c                ANIM_PLAYER_STAND_STILL
                0x080105cc                ANIM_WALK_RIGHT
                0x08010534                ANIM_LOOKAROUND
                0x08010704                ANIM_PLAYER_JUMP_LEFT
                0x08010610                ANIM_WALK_LEFT
                0x08010668                ANIM_JUMP_LEFT
                0x08010718                ANIM_PLAYER_JUMP_RIGHT
                0x080105b8                ANIM_STAND_STILL
                0x080106c0                ANIM_PLAYER_WALK_RIGHT
                0x08010654                ANIM_JUMP_RIGHT
                0x08010740                ANIM_PLAYER_SLIDE_LEFT
                0x0801067c                ANIM_PLAYER_WALK_LEFT
 .rodata        0x08010768       0x58 /Users/justin/Source/gba/Work/robotmario/../lib/libtonc.a(tonc_core.o)
                0x08010790                __snd_rates
                0x08010780                bg_aff_dflt
                0x08010768                oam_sizes
 .rodata        0x080107c0       0x38 /Users/justin/Source/gba/Work/robotmario/../lib/libtonc.a(tonc_irq.o)
 .rodata        0x080107f8      0x300 /Users/justin/Source/gba/Work/robotmario/../lib/libtonc.a(toncfont.o)
                0x080107f8                toncfontTiles
 .rodata        0x08010af8      0x18c /opt/local/devkitPro/devkitARM/bin/../lib/gcc/arm-eabi/4.1.2/../../../../arm-eabi/lib/thumb/libg.a(lib_a-vfiprintf.o)
 .rodata        0x08010c84        0x4 /opt/local/devkitPro/devkitARM/bin/../lib/gcc/arm-eabi/4.1.2/../../../../arm-eabi/lib/thumb/libg.a(lib_a-impure.o)
                0x08010c84                _global_impure_ptr
 .rodata        0x08010c88       0x34 /opt/local/devkitPro/devkitARM/bin/../lib/gcc/arm-eabi/4.1.2/../../../../arm-eabi/lib/thumb/libg.a(lib_a-locale.o)
 .rodata        0x08010cbc       0x50 /opt/local/devkitPro/devkitARM/bin/../lib/gcc/arm-eabi/4.1.2/../../../../arm-eabi/lib/thumb/libsysbase.a(iosupport.o)
                0x08010cbc                dotab_stdnull
 *all.rodata*(*)
 *(.roda)
 *(.rodata.*)
 .rodata.str1.4
                0x08010d0c       0x40 robotmario.o
 .rodata.str1.4
                0x08010d4c       0x4a /opt/local/devkitPro/devkitARM/bin/../lib/gcc/arm-eabi/4.1.2/../../../../arm-eabi/lib/thumb/libg.a(lib_a-vfiprintf.o)
                                 0x4c (size before relaxing)
 *fill*         0x08010d96        0x2 ff
 .rodata.str1.4
                0x08010d98       0x1e /opt/local/devkitPro/devkitARM/bin/../lib/gcc/arm-eabi/4.1.2/../../../../arm-eabi/lib/thumb/libg.a(lib_a-wctomb_r.o)
                                 0x20 (size before relaxing)
 *fill*         0x08010db6        0x2 ff
 .rodata.str1.4
                0x08010db8        0x2 /opt/local/devkitPro/devkitARM/bin/../lib/gcc/arm-eabi/4.1.2/../../../../arm-eabi/lib/thumb/libg.a(lib_a-impure.o)
                                  0x4 (size before relaxing)
 *fill*         0x08010dba        0x2 ff
 .rodata.str1.4
                0x08010dbc        0xf /opt/local/devkitPro/devkitARM/bin/../lib/gcc/arm-eabi/4.1.2/../../../../arm-eabi/lib/thumb/libg.a(lib_a-locale.o)
                                 0x18 (size before relaxing)
 *fill*         0x08010dcb        0x1 ff
 .rodata.str1.4
                0x08010dcc        0x8 /opt/local/devkitPro/devkitARM/bin/../lib/gcc/arm-eabi/4.1.2/../../../../arm-eabi/lib/thumb/libsysbase.a(iosupport.o)
 *(.gnu.linkonce.r*)
                0x08010dd4                . = ALIGN (0x4)

.ARM.extab
 *(.ARM.extab* .gnu.linkonce.armextab.*)
                0x08010dd4                __exidx_start = .

.ARM.exidx
 *(.ARM.exidx* .gnu.linkonce.armexidx.*)
                0x08010dd4                __exidx_end = .

.ctors          0x08010dd4        0x0
 *crtbegin.o(.ctors)
 *(EXCLUDE_FILE(*crtend.o) .ctors)
 *(SORT(.ctors.*))
 *(.ctors)
                0x08010dd4                . = ALIGN (0x4)

.dtors          0x08010dd4        0x0
 *crtbegin.o(.dtors)
 *(EXCLUDE_FILE(*crtend.o) .dtors)
 *(SORT(.dtors.*))
 *(.dtors)
                0x08010dd4                . = ALIGN (0x4)

.eh_frame       0x08010dd4        0x4
 *(.eh_frame)
 .eh_frame      0x08010dd4        0x0 /opt/local/devkitPro/devkitARM/bin/../lib/gcc/arm-eabi/4.1.2/thumb/crtbegin.o
 .eh_frame      0x08010dd4        0x4 /opt/local/devkitPro/devkitARM/bin/../lib/gcc/arm-eabi/4.1.2/thumb/crtend.o
                0x08010dd8                . = ALIGN (0x4)

.gcc_except_table
                0x08010dd8        0x0
 *(.gcc_except_table)
                0x08010dd8                . = ALIGN (0x4)
                0x08010dd8                __iwram_lma = .

.iwram          0x03000000      0x14c load address 0x08010dd8
                0x03000000                __iwram_start = <code 342> (.)
 *(.iwram)
 .iwram         0x03000000       0xc4 /Users/justin/Source/gba/Work/robotmario/../lib/libtonc.a(tonc_isr_nest.o)
                0x03000000                isr_master_nest
 .iwram         0x030000c4       0x38 /Users/justin/Source/gba/Work/robotmario/../lib/libtonc.a(tonc_memcpy.o)
                0x030000c4                memcpy32
 .iwram         0x030000fc       0x50 /Users/justin/Source/gba/Work/robotmario/../lib/libtonc.a(tonc_memset.o)
                0x030000fc                memset32
 *iwram.*(.text)
                0x0300014c                . = ALIGN (0x4)
                0x0300014c                __iwram_end = <code 342> (.)
                0x08010f24                __data_lma = (__iwram_lma + SIZEOF (.iwram))

.bss            0x0300014c     0x2254
                0x0300014c                __bss_start = <code 342> (.)
                0x0300014c                __bss_start__ = <code 342> (.)
 *(.dynbss)
 *(.gnu.linkonce.b*)
 *(.bss*)
 .bss           0x0300014c        0x0 /opt/local/devkitPro/devkitARM/bin/../lib/gcc/arm-eabi/4.1.2/../../../../arm-eabi/lib/thumb/gba_crt0.o
 .bss           0x0300014c        0x0 /opt/local/devkitPro/devkitARM/bin/../lib/gcc/arm-eabi/4.1.2/thumb/crti.o
 .bss           0x0300014c       0x1c /opt/local/devkitPro/devkitARM/bin/../lib/gcc/arm-eabi/4.1.2/thumb/crtbegin.o
 .bss           0x03000168        0x0 bg.o
 .bss           0x03000168        0x0 mario.o
 .bss           0x03000168       0x1c robotmario.o
                0x03000180                player
                0x03000168                last_sprite
                0x0300017c                score
                0x03000178                seconds
                0x0300016c                frame
                0x03000174                vbcount
                0x03000170                fps
 .bss           0x03000184        0x4 /Users/justin/Source/gba/Work/robotmario/../lib/libtonc.a(tonc_core.o)
                0x03000184                __key_curr
                0x03000186                __key_prev
 .bss           0x03000188        0x0 /Users/justin/Source/gba/Work/robotmario/../lib/libtonc.a(tonc_irq.o)
 .bss           0x03000188        0x0 /Users/justin/Source/gba/Work/robotmario/../lib/libtonc.a(tonc_oam.o)
 .bss           0x03000188        0x0 /Users/justin/Source/gba/Work/robotmario/../lib/libtonc.a(tonc_text.o)
 .bss           0x03000188        0x0 /Users/justin/Source/gba/Work/robotmario/../lib/libtonc.a(tonc_text_map.o)
 .bss           0x03000188        0x0 /Users/justin/Source/gba/Work/robotmario/../lib/libtonc.a(tonc_isr_nest.o)
 .bss           0x03000188        0x0 /Users/justin/Source/gba/Work/robotmario/../lib/libtonc.a(tonc_memcpy.o)
 .bss           0x03000188        0x0 /Users/justin/Source/gba/Work/robotmario/../lib/libtonc.a(tonc_memset.o)
 .bss           0x03000188        0x0 /Users/justin/Source/gba/Work/robotmario/../lib/libtonc.a(toncfont.o)
 .bss           0x03000188        0x0 /opt/local/devkitPro/devkitARM/bin/../lib/gcc/arm-eabi/4.1.2/thumb/libgcc.a(_divsi3.o)
 .bss           0x03000188        0x0 /opt/local/devkitPro/devkitARM/bin/../lib/gcc/arm-eabi/4.1.2/thumb/libgcc.a(_dvmd_tls.o)
 .bss           0x03000188        0x0 /opt/local/devkitPro/devkitARM/bin/../lib/gcc/arm-eabi/4.1.2/thumb/libgcc.a(_call_via_rX.o)
 .bss           0x03000188        0x0 /opt/local/devkitPro/devkitARM/bin/../lib/gcc/arm-eabi/4.1.2/../../../../arm-eabi/lib/thumb/libg.a(lib_a-init.o)
 .bss           0x03000188        0x0 /opt/local/devkitPro/devkitARM/bin/../lib/gcc/arm-eabi/4.1.2/../../../../arm-eabi/lib/thumb/libg.a(lib_a-memcpy.o)
 .bss           0x03000188        0x0 /opt/local/devkitPro/devkitARM/bin/../lib/gcc/arm-eabi/4.1.2/../../../../arm-eabi/lib/thumb/libg.a(lib_a-rand.o)
 .bss           0x03000188        0x0 /opt/local/devkitPro/devkitARM/bin/../lib/gcc/arm-eabi/4.1.2/../../../../arm-eabi/lib/thumb/libg.a(lib_a-siprintf.o)
 .bss           0x03000188        0x0 /opt/local/devkitPro/devkitARM/bin/../lib/gcc/arm-eabi/4.1.2/../../../../arm-eabi/lib/thumb/libg.a(lib_a-vfiprintf.o)
 .bss           0x03000188        0x0 /opt/local/devkitPro/devkitARM/bin/../lib/gcc/arm-eabi/4.1.2/../../../../arm-eabi/lib/thumb/libg.a(lib_a-wcrtomb.o)
 .bss           0x03000188        0x0 /opt/local/devkitPro/devkitARM/bin/../lib/gcc/arm-eabi/4.1.2/../../../../arm-eabi/lib/thumb/libg.a(lib_a-wcsrtombs.o)
 .bss           0x03000188        0x0 /opt/local/devkitPro/devkitARM/bin/../lib/gcc/arm-eabi/4.1.2/../../../../arm-eabi/lib/thumb/libg.a(lib_a-wctomb_r.o)
 .bss           0x03000188        0x0 /opt/local/devkitPro/devkitARM/bin/../lib/gcc/arm-eabi/4.1.2/../../../../arm-eabi/lib/thumb/libg.a(lib_a-wsetup.o)
 .bss           0x03000188        0x0 /opt/local/devkitPro/devkitARM/bin/../lib/gcc/arm-eabi/4.1.2/../../../../arm-eabi/lib/thumb/libg.a(lib_a-fflush.o)
 .bss           0x03000188        0x0 /opt/local/devkitPro/devkitARM/bin/../lib/gcc/arm-eabi/4.1.2/../../../../arm-eabi/lib/thumb/libg.a(lib_a-findfp.o)
 .bss           0x03000188        0x0 /opt/local/devkitPro/devkitARM/bin/../lib/gcc/arm-eabi/4.1.2/../../../../arm-eabi/lib/thumb/libg.a(lib_a-freer.o)
 .bss           0x03000188        0x0 /opt/local/devkitPro/devkitARM/bin/../lib/gcc/arm-eabi/4.1.2/../../../../arm-eabi/lib/thumb/libg.a(lib_a-fvwrite.o)
 .bss           0x03000188        0x0 /opt/local/devkitPro/devkitARM/bin/../lib/gcc/arm-eabi/4.1.2/../../../../arm-eabi/lib/thumb/libg.a(lib_a-fwalk.o)
 .bss           0x03000188        0x0 /opt/local/devkitPro/devkitARM/bin/../lib/gcc/arm-eabi/4.1.2/../../../../arm-eabi/lib/thumb/libg.a(lib_a-impure.o)
 .bss           0x03000188        0xc /opt/local/devkitPro/devkitARM/bin/../lib/gcc/arm-eabi/4.1.2/../../../../arm-eabi/lib/thumb/libg.a(lib_a-locale.o)
                0x03000188                __nlocale_changed
                0x0300018c                __mlocale_changed
                0x03000190                _PathLocale
 .bss           0x03000194        0x0 /opt/local/devkitPro/devkitARM/bin/../lib/gcc/arm-eabi/4.1.2/../../../../arm-eabi/lib/thumb/libg.a(lib_a-makebuf.o)
 .bss           0x03000194       0x34 /opt/local/devkitPro/devkitARM/bin/../lib/gcc/arm-eabi/4.1.2/../../../../arm-eabi/lib/thumb/libg.a(lib_a-mallocr.o)
                0x03000194                __malloc_top_pad
                0x03000198                __malloc_max_sbrked_mem
                0x030001a0                __malloc_current_mallinfo
                0x0300019c                __malloc_max_total_mem
 .bss           0x030001c8        0x0 /opt/local/devkitPro/devkitARM/bin/../lib/gcc/arm-eabi/4.1.2/../../../../arm-eabi/lib/thumb/libg.a(lib_a-memchr.o)
 .bss           0x030001c8        0x0 /opt/local/devkitPro/devkitARM/bin/../lib/gcc/arm-eabi/4.1.2/../../../../arm-eabi/lib/thumb/libg.a(lib_a-memmove.o)
 .bss           0x030001c8        0x0 /opt/local/devkitPro/devkitARM/bin/../lib/gcc/arm-eabi/4.1.2/../../../../arm-eabi/lib/thumb/libg.a(lib_a-memset.o)
 .bss           0x030001c8        0x0 /opt/local/devkitPro/devkitARM/bin/../lib/gcc/arm-eabi/4.1.2/../../../../arm-eabi/lib/thumb/libg.a(lib_a-mlock.o)
 .bss           0x030001c8        0x0 /opt/local/devkitPro/devkitARM/bin/../lib/gcc/arm-eabi/4.1.2/../../../../arm-eabi/lib/thumb/libg.a(lib_a-reallocr.o)
 .bss           0x030001c8        0x0 /opt/local/devkitPro/devkitARM/bin/../lib/gcc/arm-eabi/4.1.2/../../../../arm-eabi/lib/thumb/libg.a(lib_a-stdio.o)
 .bss           0x030001c8        0x0 /opt/local/devkitPro/devkitARM/bin/../lib/gcc/arm-eabi/4.1.2/../../../../arm-eabi/lib/thumb/libg.a(lib_a-strcmp.o)
 .bss           0x030001c8        0x0 /opt/local/devkitPro/devkitARM/bin/../lib/gcc/arm-eabi/4.1.2/../../../../arm-eabi/lib/thumb/libg.a(lib_a-strlen.o)
 .bss           0x030001c8        0x0 /opt/local/devkitPro/devkitARM/bin/../lib/gcc/arm-eabi/4.1.2/../../../../arm-eabi/lib/thumb/libg.a(lib_a-fclose.o)
 .bss           0x030001c8        0x0 /opt/local/devkitPro/devkitARM/bin/../lib/gcc/arm-eabi/4.1.2/thumb/libgcc.a(_udivsi3.o)
 .bss           0x030001c8        0x0 /opt/local/devkitPro/devkitARM/bin/../lib/gcc/arm-eabi/4.1.2/thumb/libgcc.a(_muldi3.o)
 .bss           0x030001c8        0x0 /opt/local/devkitPro/devkitARM/bin/../lib/gcc/arm-eabi/4.1.2/../../../../arm-eabi/lib/thumb/libsysbase.a(close.o)
 .bss           0x030001c8        0x0 /opt/local/devkitPro/devkitARM/bin/../lib/gcc/arm-eabi/4.1.2/../../../../arm-eabi/lib/thumb/libsysbase.a(fstat.o)
 .bss           0x030001c8        0x0 /opt/local/devkitPro/devkitARM/bin/../lib/gcc/arm-eabi/4.1.2/../../../../arm-eabi/lib/thumb/libsysbase.a(isatty.o)
 .bss           0x030001c8        0x0 /opt/local/devkitPro/devkitARM/bin/../lib/gcc/arm-eabi/4.1.2/../../../../arm-eabi/lib/thumb/libsysbase.a(lseek.o)
 .bss           0x030001c8        0x0 /opt/local/devkitPro/devkitARM/bin/../lib/gcc/arm-eabi/4.1.2/../../../../arm-eabi/lib/thumb/libsysbase.a(read.o)
 .bss           0x030001c8        0x4 /opt/local/devkitPro/devkitARM/bin/../lib/gcc/arm-eabi/4.1.2/../../../../arm-eabi/lib/thumb/libsysbase.a(sbrk.o)
 .bss           0x030001cc        0x0 /opt/local/devkitPro/devkitARM/bin/../lib/gcc/arm-eabi/4.1.2/../../../../arm-eabi/lib/thumb/libsysbase.a(write.o)
 .bss           0x030001cc        0x8 /opt/local/devkitPro/devkitARM/bin/../lib/gcc/arm-eabi/4.1.2/../../../../arm-eabi/lib/thumb/libsysbase.a(malloc_vars.o)
                0x030001d0                fake_heap_start
                0x030001cc                fake_heap_end
 .bss           0x030001d4        0x0 /opt/local/devkitPro/devkitARM/bin/../lib/gcc/arm-eabi/4.1.2/../../../../arm-eabi/lib/thumb/libsysbase.a(iosupport.o)
 .bss           0x030001d4        0x0 /opt/local/devkitPro/devkitARM/bin/../lib/gcc/arm-eabi/4.1.2/../../../../arm-eabi/lib/thumb/libc.a(lib_a-malloc.o)
 .bss           0x030001d4        0x0 /opt/local/devkitPro/devkitARM/bin/../lib/gcc/arm-eabi/4.1.2/../../../../arm-eabi/lib/thumb/libc.a(lib_a-strncmp.o)
 .bss           0x030001d4        0x0 /opt/local/devkitPro/devkitARM/bin/../lib/gcc/arm-eabi/4.1.2/thumb/crtend.o
 .bss           0x030001d4        0x0 /opt/local/devkitPro/devkitARM/bin/../lib/gcc/arm-eabi/4.1.2/thumb/crtn.o
 *(COMMON)
 COMMON         0x030001d4     0x2034 robotmario.o
                0x030001d4                horiz_friction
                0x030001d8                gravity
                0x030001dc                vert_friction
                0x030001e0                tmpstr
                0x03000200                vert_terminal_velocity
                0x03000204                obj_buffer
                0x03000604                sprite_buffer
                0x03002204                horiz_terminal_velocity
 COMMON         0x03002208       0x78 /Users/justin/Source/gba/Work/robotmario/../lib/libtonc.a(tonc_irq.o)
                0x03002208                __isr_table
 COMMON         0x03002280      0x120 /Users/justin/Source/gba/Work/robotmario/../lib/libtonc.a(tonc_text.o)
                0x03002280                __txt_base
                0x030022a0                txt_lut
                0x030023a0                . = ALIGN (0x4)
                0x030023a0                __bss_end = <code 342> (.)
                0x030023a0                __bss_end__ = __bss_end

.data           0x030023a0      0x894 load address 0x08010f24
                0x030023a0                __data_start = <code 342> (.)
 *(.data)
 .data          0x030023a0        0x0 /opt/local/devkitPro/devkitARM/bin/../lib/gcc/arm-eabi/4.1.2/../../../../arm-eabi/lib/thumb/gba_crt0.o
 .data          0x030023a0        0x0 /opt/local/devkitPro/devkitARM/bin/../lib/gcc/arm-eabi/4.1.2/thumb/crti.o
 .data          0x030023a0        0x4 /opt/local/devkitPro/devkitARM/bin/../lib/gcc/arm-eabi/4.1.2/thumb/crtbegin.o
                0x030023a0                __dso_handle
 .data          0x030023a4        0x0 bg.o
 .data          0x030023a4        0x0 mario.o
 .data          0x030023a4        0x4 robotmario.o
                0x030023a4                lives
 .data          0x030023a8        0x8 /Users/justin/Source/gba/Work/robotmario/../lib/libtonc.a(tonc_core.o)
                0x030023a8                __qran_seed
                0x030023ac                vid_page
 .data          0x030023b0        0x0 /Users/justin/Source/gba/Work/robotmario/../lib/libtonc.a(tonc_irq.o)
 .data          0x030023b0        0x0 /Users/justin/Source/gba/Work/robotmario/../lib/libtonc.a(tonc_oam.o)
 .data          0x030023b0        0x4 /Users/justin/Source/gba/Work/robotmario/../lib/libtonc.a(tonc_text.o)
                0x030023b0                gptxt
 .data          0x030023b4        0x0 /Users/justin/Source/gba/Work/robotmario/../lib/libtonc.a(tonc_text_map.o)
 .data          0x030023b4        0x0 /Users/justin/Source/gba/Work/robotmario/../lib/libtonc.a(tonc_isr_nest.o)
 .data          0x030023b4        0x0 /Users/justin/Source/gba/Work/robotmario/../lib/libtonc.a(tonc_memcpy.o)
 .data          0x030023b4        0x0 /Users/justin/Source/gba/Work/robotmario/../lib/libtonc.a(tonc_memset.o)
 .data          0x030023b4        0x0 /Users/justin/Source/gba/Work/robotmario/../lib/libtonc.a(toncfont.o)
 .data          0x030023b4        0x0 /opt/local/devkitPro/devkitARM/bin/../lib/gcc/arm-eabi/4.1.2/thumb/libgcc.a(_divsi3.o)
 .data          0x030023b4        0x0 /opt/local/devkitPro/devkitARM/bin/../lib/gcc/arm-eabi/4.1.2/thumb/libgcc.a(_dvmd_tls.o)
 .data          0x030023b4        0x0 /opt/local/devkitPro/devkitARM/bin/../lib/gcc/arm-eabi/4.1.2/thumb/libgcc.a(_call_via_rX.o)
 .data          0x030023b4        0x0 /opt/local/devkitPro/devkitARM/bin/../lib/gcc/arm-eabi/4.1.2/../../../../arm-eabi/lib/thumb/libg.a(lib_a-init.o)
 .data          0x030023b4        0x0 /opt/local/devkitPro/devkitARM/bin/../lib/gcc/arm-eabi/4.1.2/../../../../arm-eabi/lib/thumb/libg.a(lib_a-memcpy.o)
 .data          0x030023b4        0x0 /opt/local/devkitPro/devkitARM/bin/../lib/gcc/arm-eabi/4.1.2/../../../../arm-eabi/lib/thumb/libg.a(lib_a-rand.o)
 .data          0x030023b4        0x0 /opt/local/devkitPro/devkitARM/bin/../lib/gcc/arm-eabi/4.1.2/../../../../arm-eabi/lib/thumb/libg.a(lib_a-siprintf.o)
 .data          0x030023b4        0x0 /opt/local/devkitPro/devkitARM/bin/../lib/gcc/arm-eabi/4.1.2/../../../../arm-eabi/lib/thumb/libg.a(lib_a-vfiprintf.o)
 .data          0x030023b4        0x0 /opt/local/devkitPro/devkitARM/bin/../lib/gcc/arm-eabi/4.1.2/../../../../arm-eabi/lib/thumb/libg.a(lib_a-wcrtomb.o)
 .data          0x030023b4        0x0 /opt/local/devkitPro/devkitARM/bin/../lib/gcc/arm-eabi/4.1.2/../../../../arm-eabi/lib/thumb/libg.a(lib_a-wcsrtombs.o)
 .data          0x030023b4        0x0 /opt/local/devkitPro/devkitARM/bin/../lib/gcc/arm-eabi/4.1.2/../../../../arm-eabi/lib/thumb/libg.a(lib_a-wctomb_r.o)
 .data          0x030023b4        0x0 /opt/local/devkitPro/devkitARM/bin/../lib/gcc/arm-eabi/4.1.2/../../../../arm-eabi/lib/thumb/libg.a(lib_a-wsetup.o)
 .data          0x030023b4        0x0 /opt/local/devkitPro/devkitARM/bin/../lib/gcc/arm-eabi/4.1.2/../../../../arm-eabi/lib/thumb/libg.a(lib_a-fflush.o)
 .data          0x030023b4        0x0 /opt/local/devkitPro/devkitARM/bin/../lib/gcc/arm-eabi/4.1.2/../../../../arm-eabi/lib/thumb/libg.a(lib_a-findfp.o)
 .data          0x030023b4        0x0 /opt/local/devkitPro/devkitARM/bin/../lib/gcc/arm-eabi/4.1.2/../../../../arm-eabi/lib/thumb/libg.a(lib_a-freer.o)
 .data          0x030023b4        0x0 /opt/local/devkitPro/devkitARM/bin/../lib/gcc/arm-eabi/4.1.2/../../../../arm-eabi/lib/thumb/libg.a(lib_a-fvwrite.o)
 .data          0x030023b4        0x0 /opt/local/devkitPro/devkitARM/bin/../lib/gcc/arm-eabi/4.1.2/../../../../arm-eabi/lib/thumb/libg.a(lib_a-fwalk.o)
 *fill*         0x030023b4        0x4 ff
 .data          0x030023b8      0x418 /opt/local/devkitPro/devkitARM/bin/../lib/gcc/arm-eabi/4.1.2/../../../../arm-eabi/lib/thumb/libg.a(lib_a-impure.o)
                0x030023b8                _impure_ptr
 .data          0x030027d0       0x10 /opt/local/devkitPro/devkitARM/bin/../lib/gcc/arm-eabi/4.1.2/../../../../arm-eabi/lib/thumb/libg.a(lib_a-locale.o)
                0x030027d0                __mb_cur_max
                0x030027d4                __lc_ctype
 .data          0x030027e0        0x0 /opt/local/devkitPro/devkitARM/bin/../lib/gcc/arm-eabi/4.1.2/../../../../arm-eabi/lib/thumb/libg.a(lib_a-makebuf.o)
 .data          0x030027e0      0x410 /opt/local/devkitPro/devkitARM/bin/../lib/gcc/arm-eabi/4.1.2/../../../../arm-eabi/lib/thumb/libg.a(lib_a-mallocr.o)
                0x03002bec                __malloc_sbrk_base
                0x030027e0                __malloc_av_
                0x03002be8                __malloc_trim_threshold
 .data          0x03002bf0        0x0 /opt/local/devkitPro/devkitARM/bin/../lib/gcc/arm-eabi/4.1.2/../../../../arm-eabi/lib/thumb/libg.a(lib_a-memchr.o)
 .data          0x03002bf0        0x0 /opt/local/devkitPro/devkitARM/bin/../lib/gcc/arm-eabi/4.1.2/../../../../arm-eabi/lib/thumb/libg.a(lib_a-memmove.o)
 .data          0x03002bf0        0x0 /opt/local/devkitPro/devkitARM/bin/../lib/gcc/arm-eabi/4.1.2/../../../../arm-eabi/lib/thumb/libg.a(lib_a-memset.o)
 .data          0x03002bf0        0x0 /opt/local/devkitPro/devkitARM/bin/../lib/gcc/arm-eabi/4.1.2/../../../../arm-eabi/lib/thumb/libg.a(lib_a-mlock.o)
 .data          0x03002bf0        0x0 /opt/local/devkitPro/devkitARM/bin/../lib/gcc/arm-eabi/4.1.2/../../../../arm-eabi/lib/thumb/libg.a(lib_a-reallocr.o)
 .data          0x03002bf0        0x0 /opt/local/devkitPro/devkitARM/bin/../lib/gcc/arm-eabi/4.1.2/../../../../arm-eabi/lib/thumb/libg.a(lib_a-stdio.o)
 .data          0x03002bf0        0x0 /opt/local/devkitPro/devkitARM/bin/../lib/gcc/arm-eabi/4.1.2/../../../../arm-eabi/lib/thumb/libg.a(lib_a-strcmp.o)
 .data          0x03002bf0        0x0 /opt/local/devkitPro/devkitARM/bin/../lib/gcc/arm-eabi/4.1.2/../../../../arm-eabi/lib/thumb/libg.a(lib_a-strlen.o)
 .data          0x03002bf0        0x0 /opt/local/devkitPro/devkitARM/bin/../lib/gcc/arm-eabi/4.1.2/../../../../arm-eabi/lib/thumb/libg.a(lib_a-fclose.o)
 .data          0x03002bf0        0x0 /opt/local/devkitPro/devkitARM/bin/../lib/gcc/arm-eabi/4.1.2/thumb/libgcc.a(_udivsi3.o)
 .data          0x03002bf0        0x0 /opt/local/devkitPro/devkitARM/bin/../lib/gcc/arm-eabi/4.1.2/thumb/libgcc.a(_muldi3.o)
 .data          0x03002bf0        0x0 /opt/local/devkitPro/devkitARM/bin/../lib/gcc/arm-eabi/4.1.2/../../../../arm-eabi/lib/thumb/libsysbase.a(close.o)
 .data          0x03002bf0        0x0 /opt/local/devkitPro/devkitARM/bin/../lib/gcc/arm-eabi/4.1.2/../../../../arm-eabi/lib/thumb/libsysbase.a(fstat.o)
 .data          0x03002bf0        0x0 /opt/local/devkitPro/devkitARM/bin/../lib/gcc/arm-eabi/4.1.2/../../../../arm-eabi/lib/thumb/libsysbase.a(isatty.o)
 .data          0x03002bf0        0x0 /opt/local/devkitPro/devkitARM/bin/../lib/gcc/arm-eabi/4.1.2/../../../../arm-eabi/lib/thumb/libsysbase.a(lseek.o)
 .data          0x03002bf0        0x0 /opt/local/devkitPro/devkitARM/bin/../lib/gcc/arm-eabi/4.1.2/../../../../arm-eabi/lib/thumb/libsysbase.a(read.o)
 .data          0x03002bf0        0x0 /opt/local/devkitPro/devkitARM/bin/../lib/gcc/arm-eabi/4.1.2/../../../../arm-eabi/lib/thumb/libsysbase.a(sbrk.o)
 .data          0x03002bf0        0x0 /opt/local/devkitPro/devkitARM/bin/../lib/gcc/arm-eabi/4.1.2/../../../../arm-eabi/lib/thumb/libsysbase.a(write.o)
 .data          0x03002bf0        0x0 /opt/local/devkitPro/devkitARM/bin/../lib/gcc/arm-eabi/4.1.2/../../../../arm-eabi/lib/thumb/libsysbase.a(malloc_vars.o)
 .data          0x03002bf0       0x44 /opt/local/devkitPro/devkitARM/bin/../lib/gcc/arm-eabi/4.1.2/../../../../arm-eabi/lib/thumb/libsysbase.a(iosupport.o)
                0x03002bf0                devoptab_list
 .data          0x03002c34        0x0 /opt/local/devkitPro/devkitARM/bin/../lib/gcc/arm-eabi/4.1.2/../../../../arm-eabi/lib/thumb/libc.a(lib_a-malloc.o)
 .data          0x03002c34        0x0 /opt/local/devkitPro/devkitARM/bin/../lib/gcc/arm-eabi/4.1.2/../../../../arm-eabi/lib/thumb/libc.a(lib_a-strncmp.o)
 .data          0x03002c34        0x0 /opt/local/devkitPro/devkitARM/bin/../lib/gcc/arm-eabi/4.1.2/thumb/crtend.o
 .data          0x03002c34        0x0 /opt/local/devkitPro/devkitARM/bin/../lib/gcc/arm-eabi/4.1.2/thumb/crtn.o
 *(.data.*)
 *(.gnu.linkonce.d*)
                0x03002c34                . = ALIGN (0x4)
                0x080117b8                __preinit_lma = (__data_lma + SIZEOF (.data))
                0x03002c34                PROVIDE (__preinit_array_start, .)

.preinit_array  0x03002c34        0x0 load address 0x080117b8
 *(.preinit_array)
                0x03002c34                PROVIDE (__preinit_array_end, .)
                0x080117b8                __init_lma = (__preinit_lma + SIZEOF (.preinit_array))
                0x03002c34                PROVIDE (__init_array_start, .)

.init_array     0x03002c34        0x4 load address 0x080117b8
 *(.init_array)
 .init_array    0x03002c34        0x4 /opt/local/devkitPro/devkitARM/bin/../lib/gcc/arm-eabi/4.1.2/thumb/crtbegin.o
                0x03002c38                PROVIDE (__init_array_end, .)
                0x03002c38                PROVIDE (__fini_array_start, .)
                0x080117bc                __fini_lma = (__init_lma + SIZEOF (.init_array))

.fini_array     0x03002c38        0x4 load address 0x080117bc
 *(.fini_array)
 .fini_array    0x03002c38        0x4 /opt/local/devkitPro/devkitARM/bin/../lib/gcc/arm-eabi/4.1.2/thumb/crtbegin.o
                0x03002c3c                PROVIDE (__fini_array_end, .)
                0x080117c0                __jcr_lma = (__fini_lma + SIZEOF (.fini_array))

.jcr            0x03002c3c        0x4 load address 0x080117c0
 *(.jcr)
 .jcr           0x03002c3c        0x0 /opt/local/devkitPro/devkitARM/bin/../lib/gcc/arm-eabi/4.1.2/thumb/crtbegin.o
 .jcr           0x03002c3c        0x4 /opt/local/devkitPro/devkitARM/bin/../lib/gcc/arm-eabi/4.1.2/thumb/crtend.o
                0x03002c40                __data_end = <code 342> (.)
                0x080117c4                __iwram_overlay_lma = (__jcr_lma + SIZEOF (.jcr))
                0x03002c40                __iwram_overlay_start = .

.iwram0         0x03002c40        0x0 load address 0x080117c4
 *(.iwram0)
                0x03002c40                . = ALIGN (0x4)
                0x080117c4                __load_start_iwram0 = LOADADDR (.iwram0)
                0x080117c4                __load_stop_iwram0 = (LOADADDR (.iwram0) + SIZEOF (.iwram0))

.iwram1         0x03002c40        0x0 load address 0x080117c4
 *(.iwram1)
                0x03002c40                . = ALIGN (0x4)
                0x080117c4                __load_start_iwram1 = LOADADDR (.iwram1)
                0x080117c4                __load_stop_iwram1 = (LOADADDR (.iwram1) + SIZEOF (.iwram1))

.iwram2         0x03002c40        0x0 load address 0x080117c4
 *(.iwram2)
                0x03002c40                . = ALIGN (0x4)
                0x080117c4                __load_start_iwram2 = LOADADDR (.iwram2)
                0x080117c4                __load_stop_iwram2 = (LOADADDR (.iwram2) + SIZEOF (.iwram2))

.iwram3         0x03002c40        0x0 load address 0x080117c4
 *(.iwram3)
                0x03002c40                . = ALIGN (0x4)
                0x080117c4                __load_start_iwram3 = LOADADDR (.iwram3)
                0x080117c4                __load_stop_iwram3 = (LOADADDR (.iwram3) + SIZEOF (.iwram3))

.iwram4         0x03002c40        0x0 load address 0x080117c4
 *(.iwram4)
                0x03002c40                . = ALIGN (0x4)
                0x080117c4                __load_start_iwram4 = LOADADDR (.iwram4)
                0x080117c4                __load_stop_iwram4 = (LOADADDR (.iwram4) + SIZEOF (.iwram4))

.iwram5         0x03002c40        0x0 load address 0x080117c4
 *(.iwram5)
                0x03002c40                . = ALIGN (0x4)
                0x080117c4                __load_start_iwram5 = LOADADDR (.iwram5)
                0x080117c4                __load_stop_iwram5 = (LOADADDR (.iwram5) + SIZEOF (.iwram5))

.iwram6         0x03002c40        0x0 load address 0x080117c4
 *(.iwram6)
                0x03002c40                . = ALIGN (0x4)
                0x080117c4                __load_start_iwram6 = LOADADDR (.iwram6)
                0x080117c4                __load_stop_iwram6 = (LOADADDR (.iwram6) + SIZEOF (.iwram6))

.iwram7         0x03002c40        0x0 load address 0x080117c4
 *(.iwram7)
                0x03002c40                . = ALIGN (0x4)
                0x080117c4                __load_start_iwram7 = LOADADDR (.iwram7)
                0x080117c4                __load_stop_iwram7 = (LOADADDR (.iwram7) + SIZEOF (.iwram7))

.iwram8         0x03002c40        0x0 load address 0x080117c4
 *(.iwram8)
                0x03002c40                . = ALIGN (0x4)
                0x080117c4                __load_start_iwram8 = LOADADDR (.iwram8)
                0x080117c4                __load_stop_iwram8 = (LOADADDR (.iwram8) + SIZEOF (.iwram8))

.iwram9         0x03002c40        0x0 load address 0x080117c4
 *(.iwram9)
                0x03002c40                . = ALIGN (0x4)
                0x080117c4                __load_start_iwram9 = LOADADDR (.iwram9)
                0x080117c4                __load_stop_iwram9 = (LOADADDR (.iwram9) + SIZEOF (.iwram9))
                0x080117c4                __ewram_lma = __load_stop_iwram9
                0x03002c40                __iwram_overlay_end = .
                0x03002c40                __iheap_start = .
                0x02000000                __ewram_start = 0x2000000

.ewram          0x02000000        0x0 load address 0x080117c4
 *(.ewram)
                0x02000000                . = ALIGN (0x4)
                0x080117c4                __pad_lma = (__ewram_lma + SIZEOF (.ewram))

.sbss           0x02000000        0x0
                0x02000000                __sbss_start = <code 342> (.)
 *(.sbss)
                0x02000000                . = ALIGN (0x4)
                0x02000000                __sbss_end = <code 342> (.)
                0x02000000                __ewram_end = __sbss_end
                0x02000000                __eheap_start = __sbss_end
                0x02000000                __end__ = __sbss_end

.pad            0x02000000        0x8 load address 0x080117c4
                0x02000000        0x4 LONG 0x52416b64
                0x02000004        0x4 LONG 0x4d
                0x02000008                . = ALIGN (0x4)
                0x080117cc                __rom_end__ = (__pad_lma + SIZEOF (.pad))

.stab
 *(.stab)

.stabstr
 *(.stabstr)

.stab.excl
 *(.stab.excl)

.stab.exclstr
 *(.stab.exclstr)

.stab.index
 *(.stab.index)

.stab.indexstr
 *(.stab.indexstr)

.comment        0x00000000      0x7d9
 *(.comment)
 .comment       0x00000000       0x29 /opt/local/devkitPro/devkitARM/bin/../lib/gcc/arm-eabi/4.1.2/thumb/crtbegin.o
 .comment       0x00000029       0x29 bg.o
 .comment       0x00000052       0x29 mario.o
 .comment       0x0000007b       0x29 robotmario.o
 .comment       0x000000a4       0x29 /Users/justin/Source/gba/Work/robotmario/../lib/libtonc.a(tonc_core.o)
 .comment       0x000000cd       0x29 /Users/justin/Source/gba/Work/robotmario/../lib/libtonc.a(tonc_irq.o)
 .comment       0x000000f6       0x29 /Users/justin/Source/gba/Work/robotmario/../lib/libtonc.a(tonc_oam.o)
 .comment       0x0000011f       0x29 /Users/justin/Source/gba/Work/robotmario/../lib/libtonc.a(tonc_text.o)
 .comment       0x00000148       0x29 /Users/justin/Source/gba/Work/robotmario/../lib/libtonc.a(tonc_text_map.o)
 .comment       0x00000171       0x29 /opt/local/devkitPro/devkitARM/bin/../lib/gcc/arm-eabi/4.1.2/../../../../arm-eabi/lib/thumb/libg.a(lib_a-init.o)
 .comment       0x0000019a       0x29 /opt/local/devkitPro/devkitARM/bin/../lib/gcc/arm-eabi/4.1.2/../../../../arm-eabi/lib/thumb/libg.a(lib_a-memcpy.o)
 .comment       0x000001c3       0x29 /opt/local/devkitPro/devkitARM/bin/../lib/gcc/arm-eabi/4.1.2/../../../../arm-eabi/lib/thumb/libg.a(lib_a-rand.o)
 .comment       0x000001ec       0x29 /opt/local/devkitPro/devkitARM/bin/../lib/gcc/arm-eabi/4.1.2/../../../../arm-eabi/lib/thumb/libg.a(lib_a-siprintf.o)
 .comment       0x00000215       0x29 /opt/local/devkitPro/devkitARM/bin/../lib/gcc/arm-eabi/4.1.2/../../../../arm-eabi/lib/thumb/libg.a(lib_a-vfiprintf.o)
 .comment       0x0000023e       0x29 /opt/local/devkitPro/devkitARM/bin/../lib/gcc/arm-eabi/4.1.2/../../../../arm-eabi/lib/thumb/libg.a(lib_a-wcrtomb.o)
 .comment       0x00000267       0x29 /opt/local/devkitPro/devkitARM/bin/../lib/gcc/arm-eabi/4.1.2/../../../../arm-eabi/lib/thumb/libg.a(lib_a-wcsrtombs.o)
 .comment       0x00000290       0x29 /opt/local/devkitPro/devkitARM/bin/../lib/gcc/arm-eabi/4.1.2/../../../../arm-eabi/lib/thumb/libg.a(lib_a-wctomb_r.o)
 .comment       0x000002b9       0x29 /opt/local/devkitPro/devkitARM/bin/../lib/gcc/arm-eabi/4.1.2/../../../../arm-eabi/lib/thumb/libg.a(lib_a-wsetup.o)
 .comment       0x000002e2       0x29 /opt/local/devkitPro/devkitARM/bin/../lib/gcc/arm-eabi/4.1.2/../../../../arm-eabi/lib/thumb/libg.a(lib_a-fflush.o)
 .comment       0x0000030b       0x29 /opt/local/devkitPro/devkitARM/bin/../lib/gcc/arm-eabi/4.1.2/../../../../arm-eabi/lib/thumb/libg.a(lib_a-findfp.o)
 .comment       0x00000334       0x29 /opt/local/devkitPro/devkitARM/bin/../lib/gcc/arm-eabi/4.1.2/../../../../arm-eabi/lib/thumb/libg.a(lib_a-freer.o)
 .comment       0x0000035d       0x29 /opt/local/devkitPro/devkitARM/bin/../lib/gcc/arm-eabi/4.1.2/../../../../arm-eabi/lib/thumb/libg.a(lib_a-fvwrite.o)
 .comment       0x00000386       0x29 /opt/local/devkitPro/devkitARM/bin/../lib/gcc/arm-eabi/4.1.2/../../../../arm-eabi/lib/thumb/libg.a(lib_a-fwalk.o)
 .comment       0x000003af       0x29 /opt/local/devkitPro/devkitARM/bin/../lib/gcc/arm-eabi/4.1.2/../../../../arm-eabi/lib/thumb/libg.a(lib_a-impure.o)
 .comment       0x000003d8       0x29 /opt/local/devkitPro/devkitARM/bin/../lib/gcc/arm-eabi/4.1.2/../../../../arm-eabi/lib/thumb/libg.a(lib_a-locale.o)
 .comment       0x00000401       0x29 /opt/local/devkitPro/devkitARM/bin/../lib/gcc/arm-eabi/4.1.2/../../../../arm-eabi/lib/thumb/libg.a(lib_a-makebuf.o)
 .comment       0x0000042a       0x29 /opt/local/devkitPro/devkitARM/bin/../lib/gcc/arm-eabi/4.1.2/../../../../arm-eabi/lib/thumb/libg.a(lib_a-mallocr.o)
 .comment       0x00000453       0x29 /opt/local/devkitPro/devkitARM/bin/../lib/gcc/arm-eabi/4.1.2/../../../../arm-eabi/lib/thumb/libg.a(lib_a-memchr.o)
 .comment       0x0000047c       0x29 /opt/local/devkitPro/devkitARM/bin/../lib/gcc/arm-eabi/4.1.2/../../../../arm-eabi/lib/thumb/libg.a(lib_a-memmove.o)
 .comment       0x000004a5       0x29 /opt/local/devkitPro/devkitARM/bin/../lib/gcc/arm-eabi/4.1.2/../../../../arm-eabi/lib/thumb/libg.a(lib_a-memset.o)
 .comment       0x000004ce       0x29 /opt/local/devkitPro/devkitARM/bin/../lib/gcc/arm-eabi/4.1.2/../../../../arm-eabi/lib/thumb/libg.a(lib_a-mlock.o)
 .comment       0x000004f7       0x29 /opt/local/devkitPro/devkitARM/bin/../lib/gcc/arm-eabi/4.1.2/../../../../arm-eabi/lib/thumb/libg.a(lib_a-reallocr.o)
 .comment       0x00000520       0x29 /opt/local/devkitPro/devkitARM/bin/../lib/gcc/arm-eabi/4.1.2/../../../../arm-eabi/lib/thumb/libg.a(lib_a-stdio.o)
 .comment       0x00000549       0x29 /opt/local/devkitPro/devkitARM/bin/../lib/gcc/arm-eabi/4.1.2/../../../../arm-eabi/lib/thumb/libg.a(lib_a-strcmp.o)
 .comment       0x00000572       0x29 /opt/local/devkitPro/devkitARM/bin/../lib/gcc/arm-eabi/4.1.2/../../../../arm-eabi/lib/thumb/libg.a(lib_a-strlen.o)
 .comment       0x0000059b       0x29 /opt/local/devkitPro/devkitARM/bin/../lib/gcc/arm-eabi/4.1.2/../../../../arm-eabi/lib/thumb/libg.a(lib_a-fclose.o)
 .comment       0x000005c4       0x29 /opt/local/devkitPro/devkitARM/bin/../lib/gcc/arm-eabi/4.1.2/thumb/libgcc.a(_muldi3.o)
 .comment       0x000005ed       0x29 /opt/local/devkitPro/devkitARM/bin/../lib/gcc/arm-eabi/4.1.2/../../../../arm-eabi/lib/thumb/libsysbase.a(close.o)
 .comment       0x00000616       0x29 /opt/local/devkitPro/devkitARM/bin/../lib/gcc/arm-eabi/4.1.2/../../../../arm-eabi/lib/thumb/libsysbase.a(fstat.o)
 .comment       0x0000063f       0x29 /opt/local/devkitPro/devkitARM/bin/../lib/gcc/arm-eabi/4.1.2/../../../../arm-eabi/lib/thumb/libsysbase.a(isatty.o)
 .comment       0x00000668       0x29 /opt/local/devkitPro/devkitARM/bin/../lib/gcc/arm-eabi/4.1.2/../../../../arm-eabi/lib/thumb/libsysbase.a(lseek.o)
 .comment       0x00000691       0x29 /opt/local/devkitPro/devkitARM/bin/../lib/gcc/arm-eabi/4.1.2/../../../../arm-eabi/lib/thumb/libsysbase.a(read.o)
 .comment       0x000006ba       0x29 /opt/local/devkitPro/devkitARM/bin/../lib/gcc/arm-eabi/4.1.2/../../../../arm-eabi/lib/thumb/libsysbase.a(sbrk.o)
 .comment       0x000006e3       0x29 /opt/local/devkitPro/devkitARM/bin/../lib/gcc/arm-eabi/4.1.2/../../../../arm-eabi/lib/thumb/libsysbase.a(write.o)
 .comment       0x0000070c       0x29 /opt/local/devkitPro/devkitARM/bin/../lib/gcc/arm-eabi/4.1.2/../../../../arm-eabi/lib/thumb/libsysbase.a(malloc_vars.o)
 .comment       0x00000735       0x29 /opt/local/devkitPro/devkitARM/bin/../lib/gcc/arm-eabi/4.1.2/../../../../arm-eabi/lib/thumb/libsysbase.a(iosupport.o)
 .comment       0x0000075e       0x29 /opt/local/devkitPro/devkitARM/bin/../lib/gcc/arm-eabi/4.1.2/../../../../arm-eabi/lib/thumb/libc.a(lib_a-malloc.o)
 .comment       0x00000787       0x29 /opt/local/devkitPro/devkitARM/bin/../lib/gcc/arm-eabi/4.1.2/../../../../arm-eabi/lib/thumb/libc.a(lib_a-strncmp.o)
 .comment       0x000007b0       0x29 /opt/local/devkitPro/devkitARM/bin/../lib/gcc/arm-eabi/4.1.2/thumb/crtend.o

.debug
 *(.debug)

.line
 *(.line)

.debug_srcinfo
 *(.debug_srcinfo)

.debug_sfnames
 *(.debug_sfnames)

.debug_aranges  0x00000000       0x20
 *(.debug_aranges)
 .debug_aranges
                0x00000000       0x20 robotmario.o

.debug_pubnames
                0x00000000      0x421
 *(.debug_pubnames)
 .debug_pubnames
                0x00000000       0x4b bg.o
 .debug_pubnames
                0x0000004b       0x2e mario.o
 .debug_pubnames
                0x00000079      0x3a8 robotmario.o

.debug_info     0x00000000     0x21c9
 *(.debug_info)
 .debug_info    0x00000000      0x29a bg.o
 .debug_info    0x0000029a       0x86 mario.o
 .debug_info    0x00000320     0x1ea9 robotmario.o

.debug_abbrev   0x00000000      0x56d
 *(.debug_abbrev)
 .debug_abbrev  0x00000000       0xde bg.o
 .debug_abbrev  0x000000de       0x50 mario.o
 .debug_abbrev  0x0000012e      0x43f robotmario.o

.debug_line     0x00000000      0x999
 *(.debug_line)
 .debug_line    0x00000000       0xd6 bg.o
 .debug_line    0x000000d6       0x58 mario.o
 .debug_line    0x0000012e      0x86b robotmario.o

.debug_frame    0x00000000      0x2b4
 *(.debug_frame)
 .debug_frame   0x00000000      0x2b4 robotmario.o

.debug_str      0x00000000      0x5d9
 *(.debug_str)
 .debug_str     0x00000000      0x140 bg.o
                                0x162 (size before relaxing)
 .debug_str     0x00000140       0x4c mario.o
                                 0x8f (size before relaxing)
 .debug_str     0x0000018c      0x44d robotmario.o
                                0x5fe (size before relaxing)

.debug_loc      0x00000000      0xcb3
 *(.debug_loc)
 .debug_loc     0x00000000      0xcb3 robotmario.o

.debug_macinfo
 *(.debug_macinfo)

.debug_weaknames
 *(.debug_weaknames)

.debug_funcnames
 *(.debug_funcnames)

.debug_typenames
 *(.debug_typenames)

.debug_varnames
 *(.debug_varnames)

.stack          0x00080000        0x0
                0x00080000                _stack = .
 *(.stack)

.note.gnu.arm.ident
 *(.note.gnu.arm.ident)

.ARM.attributes
                0x00000000       0x10
 *(.ARM.attributes)
 .ARM.attributes
                0x00000000       0x20 /opt/local/devkitPro/devkitARM/bin/../lib/gcc/arm-eabi/4.1.2/../../../../arm-eabi/lib/thumb/gba_crt0.o
 .ARM.attributes
                0x00000020       0x1e /opt/local/devkitPro/devkitARM/bin/../lib/gcc/arm-eabi/4.1.2/thumb/crti.o
 .ARM.attributes
                0x0000003e       0x1e /opt/local/devkitPro/devkitARM/bin/../lib/gcc/arm-eabi/4.1.2/thumb/crtbegin.o
 .ARM.attributes
                0x0000005c       0x1c bg.o
 .ARM.attributes
                0x00000078       0x1c mario.o
 .ARM.attributes
                0x00000094       0x1e robotmario.o
 .ARM.attributes
                0x000000b2       0x1e /Users/justin/Source/gba/Work/robotmario/../lib/libtonc.a(tonc_core.o)
 .ARM.attributes
                0x000000d0       0x1e /Users/justin/Source/gba/Work/robotmario/../lib/libtonc.a(tonc_irq.o)
 .ARM.attributes
                0x000000ee       0x1e /Users/justin/Source/gba/Work/robotmario/../lib/libtonc.a(tonc_oam.o)
 .ARM.attributes
                0x0000010c       0x1e /Users/justin/Source/gba/Work/robotmario/../lib/libtonc.a(tonc_text.o)
 .ARM.attributes
                0x0000012a       0x1e /Users/justin/Source/gba/Work/robotmario/../lib/libtonc.a(tonc_text_map.o)
 .ARM.attributes
                0x00000148       0x1e /Users/justin/Source/gba/Work/robotmario/../lib/libtonc.a(tonc_isr_nest.o)
 .ARM.attributes
                0x00000166       0x20 /Users/justin/Source/gba/Work/robotmario/../lib/libtonc.a(tonc_memcpy.o)
 .ARM.attributes
                0x00000186       0x20 /Users/justin/Source/gba/Work/robotmario/../lib/libtonc.a(tonc_memset.o)
 .ARM.attributes
                0x000001a6       0x1c /Users/justin/Source/gba/Work/robotmario/../lib/libtonc.a(toncfont.o)
 .ARM.attributes
                0x000001c2       0x1e /opt/local/devkitPro/devkitARM/bin/../lib/gcc/arm-eabi/4.1.2/thumb/libgcc.a(_divsi3.o)
 .ARM.attributes
                0x000001e0       0x1e /opt/local/devkitPro/devkitARM/bin/../lib/gcc/arm-eabi/4.1.2/thumb/libgcc.a(_dvmd_tls.o)
 .ARM.attributes
                0x000001fe       0x1e /opt/local/devkitPro/devkitARM/bin/../lib/gcc/arm-eabi/4.1.2/thumb/libgcc.a(_call_via_rX.o)
 .ARM.attributes
                0x0000021c       0x1e /opt/local/devkitPro/devkitARM/bin/../lib/gcc/arm-eabi/4.1.2/../../../../arm-eabi/lib/thumb/libg.a(lib_a-init.o)
 .ARM.attributes
                0x0000023a       0x1e /opt/local/devkitPro/devkitARM/bin/../lib/gcc/arm-eabi/4.1.2/../../../../arm-eabi/lib/thumb/libg.a(lib_a-memcpy.o)
 .ARM.attributes
                0x00000258       0x1e /opt/local/devkitPro/devkitARM/bin/../lib/gcc/arm-eabi/4.1.2/../../../../arm-eabi/lib/thumb/libg.a(lib_a-rand.o)
 .ARM.attributes
                0x00000276       0x1e /opt/local/devkitPro/devkitARM/bin/../lib/gcc/arm-eabi/4.1.2/../../../../arm-eabi/lib/thumb/libg.a(lib_a-siprintf.o)
 .ARM.attributes
                0x00000294       0x1e /opt/local/devkitPro/devkitARM/bin/../lib/gcc/arm-eabi/4.1.2/../../../../arm-eabi/lib/thumb/libg.a(lib_a-vfiprintf.o)
 .ARM.attributes
                0x000002b2       0x1e /opt/local/devkitPro/devkitARM/bin/../lib/gcc/arm-eabi/4.1.2/../../../../arm-eabi/lib/thumb/libg.a(lib_a-wcrtomb.o)
 .ARM.attributes
                0x000002d0       0x1e /opt/local/devkitPro/devkitARM/bin/../lib/gcc/arm-eabi/4.1.2/../../../../arm-eabi/lib/thumb/libg.a(lib_a-wcsrtombs.o)
 .ARM.attributes
                0x000002ee       0x1e /opt/local/devkitPro/devkitARM/bin/../lib/gcc/arm-eabi/4.1.2/../../../../arm-eabi/lib/thumb/libg.a(lib_a-wctomb_r.o)
 .ARM.attributes
                0x0000030c       0x1e /opt/local/devkitPro/devkitARM/bin/../lib/gcc/arm-eabi/4.1.2/../../../../arm-eabi/lib/thumb/libg.a(lib_a-wsetup.o)
 .ARM.attributes
                0x0000032a       0x1e /opt/local/devkitPro/devkitARM/bin/../lib/gcc/arm-eabi/4.1.2/../../../../arm-eabi/lib/thumb/libg.a(lib_a-fflush.o)
 .ARM.attributes
                0x00000348       0x1e /opt/local/devkitPro/devkitARM/bin/../lib/gcc/arm-eabi/4.1.2/../../../../arm-eabi/lib/thumb/libg.a(lib_a-findfp.o)
 .ARM.attributes
                0x00000366       0x1e /opt/local/devkitPro/devkitARM/bin/../lib/gcc/arm-eabi/4.1.2/../../../../arm-eabi/lib/thumb/libg.a(lib_a-freer.o)
 .ARM.attributes
                0x00000384       0x1e /opt/local/devkitPro/devkitARM/bin/../lib/gcc/arm-eabi/4.1.2/../../../../arm-eabi/lib/thumb/libg.a(lib_a-fvwrite.o)
 .ARM.attributes
                0x000003a2       0x1e /opt/local/devkitPro/devkitARM/bin/../lib/gcc/arm-eabi/4.1.2/../../../../arm-eabi/lib/thumb/libg.a(lib_a-fwalk.o)
 .ARM.attributes
                0x000003c0       0x1c /opt/local/devkitPro/devkitARM/bin/../lib/gcc/arm-eabi/4.1.2/../../../../arm-eabi/lib/thumb/libg.a(lib_a-impure.o)
 .ARM.attributes
                0x000003dc       0x1e /opt/local/devkitPro/devkitARM/bin/../lib/gcc/arm-eabi/4.1.2/../../../../arm-eabi/lib/thumb/libg.a(lib_a-locale.o)
 .ARM.attributes
                0x000003fa       0x1e /opt/local/devkitPro/devkitARM/bin/../lib/gcc/arm-eabi/4.1.2/../../../../arm-eabi/lib/thumb/libg.a(lib_a-makebuf.o)
 .ARM.attributes
                0x00000418       0x1e /opt/local/devkitPro/devkitARM/bin/../lib/gcc/arm-eabi/4.1.2/../../../../arm-eabi/lib/thumb/libg.a(lib_a-mallocr.o)
 .ARM.attributes
                0x00000436       0x1e /opt/local/devkitPro/devkitARM/bin/../lib/gcc/arm-eabi/4.1.2/../../../../arm-eabi/lib/thumb/libg.a(lib_a-memchr.o)
 .ARM.attributes
                0x00000454       0x1e /opt/local/devkitPro/devkitARM/bin/../lib/gcc/arm-eabi/4.1.2/../../../../arm-eabi/lib/thumb/libg.a(lib_a-memmove.o)
 .ARM.attributes
                0x00000472       0x1e /opt/local/devkitPro/devkitARM/bin/../lib/gcc/arm-eabi/4.1.2/../../../../arm-eabi/lib/thumb/libg.a(lib_a-memset.o)
 .ARM.attributes
                0x00000490       0x1e /opt/local/devkitPro/devkitARM/bin/../lib/gcc/arm-eabi/4.1.2/../../../../arm-eabi/lib/thumb/libg.a(lib_a-mlock.o)
 .ARM.attributes
                0x000004ae       0x1e /opt/local/devkitPro/devkitARM/bin/../lib/gcc/arm-eabi/4.1.2/../../../../arm-eabi/lib/thumb/libg.a(lib_a-reallocr.o)
 .ARM.attributes
                0x000004cc       0x1e /opt/local/devkitPro/devkitARM/bin/../lib/gcc/arm-eabi/4.1.2/../../../../arm-eabi/lib/thumb/libg.a(lib_a-stdio.o)
 .ARM.attributes
                0x000004ea       0x1e /opt/local/devkitPro/devkitARM/bin/../lib/gcc/arm-eabi/4.1.2/../../../../arm-eabi/lib/thumb/libg.a(lib_a-strcmp.o)
 .ARM.attributes
                0x00000508       0x1e /opt/local/devkitPro/devkitARM/bin/../lib/gcc/arm-eabi/4.1.2/../../../../arm-eabi/lib/thumb/libg.a(lib_a-strlen.o)
 .ARM.attributes
                0x00000526       0x1e /opt/local/devkitPro/devkitARM/bin/../lib/gcc/arm-eabi/4.1.2/../../../../arm-eabi/lib/thumb/libg.a(lib_a-fclose.o)
 .ARM.attributes
                0x00000544       0x1e /opt/local/devkitPro/devkitARM/bin/../lib/gcc/arm-eabi/4.1.2/thumb/libgcc.a(_udivsi3.o)
 .ARM.attributes
                0x00000562       0x1e /opt/local/devkitPro/devkitARM/bin/../lib/gcc/arm-eabi/4.1.2/thumb/libgcc.a(_muldi3.o)
 .ARM.attributes
                0x00000580       0x1e /opt/local/devkitPro/devkitARM/bin/../lib/gcc/arm-eabi/4.1.2/../../../../arm-eabi/lib/thumb/libsysbase.a(close.o)
 .ARM.attributes
                0x0000059e       0x1e /opt/local/devkitPro/devkitARM/bin/../lib/gcc/arm-eabi/4.1.2/../../../../arm-eabi/lib/thumb/libsysbase.a(fstat.o)
 .ARM.attributes
                0x000005bc       0x1e /opt/local/devkitPro/devkitARM/bin/../lib/gcc/arm-eabi/4.1.2/../../../../arm-eabi/lib/thumb/libsysbase.a(isatty.o)
 .ARM.attributes
                0x000005da       0x1e /opt/local/devkitPro/devkitARM/bin/../lib/gcc/arm-eabi/4.1.2/../../../../arm-eabi/lib/thumb/libsysbase.a(lseek.o)
 .ARM.attributes
                0x000005f8       0x1e /opt/local/devkitPro/devkitARM/bin/../lib/gcc/arm-eabi/4.1.2/../../../../arm-eabi/lib/thumb/libsysbase.a(read.o)
 .ARM.attributes
                0x00000616       0x1e /opt/local/devkitPro/devkitARM/bin/../lib/gcc/arm-eabi/4.1.2/../../../../arm-eabi/lib/thumb/libsysbase.a(sbrk.o)
 .ARM.attributes
                0x00000634       0x1e /opt/local/devkitPro/devkitARM/bin/../lib/gcc/arm-eabi/4.1.2/../../../../arm-eabi/lib/thumb/libsysbase.a(write.o)
 .ARM.attributes
                0x00000652       0x1c /opt/local/devkitPro/devkitARM/bin/../lib/gcc/arm-eabi/4.1.2/../../../../arm-eabi/lib/thumb/libsysbase.a(malloc_vars.o)
 .ARM.attributes
                0x0000066e       0x1e /opt/local/devkitPro/devkitARM/bin/../lib/gcc/arm-eabi/4.1.2/../../../../arm-eabi/lib/thumb/libsysbase.a(iosupport.o)
 .ARM.attributes
                0x0000068c       0x1e /opt/local/devkitPro/devkitARM/bin/../lib/gcc/arm-eabi/4.1.2/../../../../arm-eabi/lib/thumb/libc.a(lib_a-malloc.o)
 .ARM.attributes
                0x000006aa       0x1e /opt/local/devkitPro/devkitARM/bin/../lib/gcc/arm-eabi/4.1.2/../../../../arm-eabi/lib/thumb/libc.a(lib_a-strncmp.o)
 .ARM.attributes
                0x000006c8       0x1c /opt/local/devkitPro/devkitARM/bin/../lib/gcc/arm-eabi/4.1.2/thumb/crtend.o
 .ARM.attributes
                0x000006e4       0x1e /opt/local/devkitPro/devkitARM/bin/../lib/gcc/arm-eabi/4.1.2/thumb/crtn.o

/DISCARD/
 *(.note.GNU-stack)
LOAD /opt/local/devkitPro/devkitARM/bin/../lib/gcc/arm-eabi/4.1.2/../../../../arm-eabi/lib/thumb/gba_crt0.o
LOAD /opt/local/devkitPro/devkitARM/bin/../lib/gcc/arm-eabi/4.1.2/thumb/crti.o
LOAD /opt/local/devkitPro/devkitARM/bin/../lib/gcc/arm-eabi/4.1.2/thumb/crtbegin.o
LOAD bg.o
LOAD mario.o
LOAD robotmario.o
LOAD /Users/justin/Source/gba/Work/robotmario/../lib/libtonc.a
START GROUP
LOAD /opt/local/devkitPro/devkitARM/bin/../lib/gcc/arm-eabi/4.1.2/thumb/libgcc.a
LOAD /opt/local/devkitPro/devkitARM/bin/../lib/gcc/arm-eabi/4.1.2/../../../../arm-eabi/lib/thumb/libg.a
LOAD /opt/local/devkitPro/devkitARM/bin/../lib/gcc/arm-eabi/4.1.2/../../../../arm-eabi/lib/thumb/libc.a
END GROUP
START GROUP
LOAD /opt/local/devkitPro/devkitARM/bin/../lib/gcc/arm-eabi/4.1.2/../../../../arm-eabi/lib/thumb/libsysbase.a
LOAD /opt/local/devkitPro/devkitARM/bin/../lib/gcc/arm-eabi/4.1.2/../../../../arm-eabi/lib/thumb/libc.a
END GROUP
LOAD /opt/local/devkitPro/devkitARM/bin/../lib/gcc/arm-eabi/4.1.2/thumb/crtend.o
LOAD /opt/local/devkitPro/devkitARM/bin/../lib/gcc/arm-eabi/4.1.2/thumb/crtn.o
OUTPUT(/Users/justin/Source/gba/Work/robotmario/robotmario.elf elf32-littlearm)

.debug_ranges   0x00000000      0x890
 .debug_ranges  0x00000000      0x890 robotmario.o
